Archive member included to satisfy reference by file (symbol)

c:/st/stm32cubeide_1.8.0/stm32cubeide/plugins/com.st.stm32cube.ide.mcu.externaltools.gnu-tools-for-stm32.10.3-2021.10.win32_1.0.200.202301161003/tools/bin/../lib/gcc/arm-none-eabi/10.3.1/../../../../arm-none-eabi/lib/thumb/v7-m/nofp\libc_nano.a(lib_a-errno.o)
                              ./Core/Src/syscalls.o (__errno)
c:/st/stm32cubeide_1.8.0/stm32cubeide/plugins/com.st.stm32cube.ide.mcu.externaltools.gnu-tools-for-stm32.10.3-2021.10.win32_1.0.200.202301161003/tools/bin/../lib/gcc/arm-none-eabi/10.3.1/../../../../arm-none-eabi/lib/thumb/v7-m/nofp\libc_nano.a(lib_a-exit.o)
                              c:/st/stm32cubeide_1.8.0/stm32cubeide/plugins/com.st.stm32cube.ide.mcu.externaltools.gnu-tools-for-stm32.10.3-2021.10.win32_1.0.200.202301161003/tools/bin/../lib/gcc/arm-none-eabi/10.3.1/../../../../arm-none-eabi/lib/thumb/v7-m/nofp/crt0.o (exit)
c:/st/stm32cubeide_1.8.0/stm32cubeide/plugins/com.st.stm32cube.ide.mcu.externaltools.gnu-tools-for-stm32.10.3-2021.10.win32_1.0.200.202301161003/tools/bin/../lib/gcc/arm-none-eabi/10.3.1/../../../../arm-none-eabi/lib/thumb/v7-m/nofp\libc_nano.a(lib_a-impure.o)
                              c:/st/stm32cubeide_1.8.0/stm32cubeide/plugins/com.st.stm32cube.ide.mcu.externaltools.gnu-tools-for-stm32.10.3-2021.10.win32_1.0.200.202301161003/tools/bin/../lib/gcc/arm-none-eabi/10.3.1/../../../../arm-none-eabi/lib/thumb/v7-m/nofp\libc_nano.a(lib_a-exit.o) (_global_impure_ptr)
c:/st/stm32cubeide_1.8.0/stm32cubeide/plugins/com.st.stm32cube.ide.mcu.externaltools.gnu-tools-for-stm32.10.3-2021.10.win32_1.0.200.202301161003/tools/bin/../lib/gcc/arm-none-eabi/10.3.1/../../../../arm-none-eabi/lib/thumb/v7-m/nofp\libc_nano.a(lib_a-init.o)
                              c:/st/stm32cubeide_1.8.0/stm32cubeide/plugins/com.st.stm32cube.ide.mcu.externaltools.gnu-tools-for-stm32.10.3-2021.10.win32_1.0.200.202301161003/tools/bin/../lib/gcc/arm-none-eabi/10.3.1/../../../../arm-none-eabi/lib/thumb/v7-m/nofp/crt0.o (__libc_init_array)
c:/st/stm32cubeide_1.8.0/stm32cubeide/plugins/com.st.stm32cube.ide.mcu.externaltools.gnu-tools-for-stm32.10.3-2021.10.win32_1.0.200.202301161003/tools/bin/../lib/gcc/arm-none-eabi/10.3.1/../../../../arm-none-eabi/lib/thumb/v7-m/nofp\libc_nano.a(lib_a-memset.o)
                              c:/st/stm32cubeide_1.8.0/stm32cubeide/plugins/com.st.stm32cube.ide.mcu.externaltools.gnu-tools-for-stm32.10.3-2021.10.win32_1.0.200.202301161003/tools/bin/../lib/gcc/arm-none-eabi/10.3.1/../../../../arm-none-eabi/lib/thumb/v7-m/nofp/crt0.o (memset)
c:/st/stm32cubeide_1.8.0/stm32cubeide/plugins/com.st.stm32cube.ide.mcu.externaltools.gnu-tools-for-stm32.10.3-2021.10.win32_1.0.200.202301161003/tools/bin/../lib/gcc/arm-none-eabi/10.3.1/../../../../arm-none-eabi/lib/thumb/v7-m/nofp\libc_nano.a(lib_a-sprintf.o)
                              ./Core/Src/main.o (sprintf)
c:/st/stm32cubeide_1.8.0/stm32cubeide/plugins/com.st.stm32cube.ide.mcu.externaltools.gnu-tools-for-stm32.10.3-2021.10.win32_1.0.200.202301161003/tools/bin/../lib/gcc/arm-none-eabi/10.3.1/../../../../arm-none-eabi/lib/thumb/v7-m/nofp\libc_nano.a(lib_a-strlen.o)
                              ./Core/Src/main.o (strlen)
c:/st/stm32cubeide_1.8.0/stm32cubeide/plugins/com.st.stm32cube.ide.mcu.externaltools.gnu-tools-for-stm32.10.3-2021.10.win32_1.0.200.202301161003/tools/bin/../lib/gcc/arm-none-eabi/10.3.1/../../../../arm-none-eabi/lib/thumb/v7-m/nofp\libc_nano.a(lib_a-vsnprintf.o)
                              ./Core/Src/main.o (vsnprintf)
c:/st/stm32cubeide_1.8.0/stm32cubeide/plugins/com.st.stm32cube.ide.mcu.externaltools.gnu-tools-for-stm32.10.3-2021.10.win32_1.0.200.202301161003/tools/bin/../lib/gcc/arm-none-eabi/10.3.1/../../../../arm-none-eabi/lib/thumb/v7-m/nofp\libc_nano.a(lib_a-nano-svfprintf.o)
                              c:/st/stm32cubeide_1.8.0/stm32cubeide/plugins/com.st.stm32cube.ide.mcu.externaltools.gnu-tools-for-stm32.10.3-2021.10.win32_1.0.200.202301161003/tools/bin/../lib/gcc/arm-none-eabi/10.3.1/../../../../arm-none-eabi/lib/thumb/v7-m/nofp\libc_nano.a(lib_a-sprintf.o) (_svfprintf_r)
c:/st/stm32cubeide_1.8.0/stm32cubeide/plugins/com.st.stm32cube.ide.mcu.externaltools.gnu-tools-for-stm32.10.3-2021.10.win32_1.0.200.202301161003/tools/bin/../lib/gcc/arm-none-eabi/10.3.1/../../../../arm-none-eabi/lib/thumb/v7-m/nofp\libc_nano.a(lib_a-nano-vfprintf_i.o)
                              c:/st/stm32cubeide_1.8.0/stm32cubeide/plugins/com.st.stm32cube.ide.mcu.externaltools.gnu-tools-for-stm32.10.3-2021.10.win32_1.0.200.202301161003/tools/bin/../lib/gcc/arm-none-eabi/10.3.1/../../../../arm-none-eabi/lib/thumb/v7-m/nofp\libc_nano.a(lib_a-nano-svfprintf.o) (_printf_i)
c:/st/stm32cubeide_1.8.0/stm32cubeide/plugins/com.st.stm32cube.ide.mcu.externaltools.gnu-tools-for-stm32.10.3-2021.10.win32_1.0.200.202301161003/tools/bin/../lib/gcc/arm-none-eabi/10.3.1/../../../../arm-none-eabi/lib/thumb/v7-m/nofp\libc_nano.a(lib_a-memchr-stub.o)
[...]
Memory Configuration

Name             Origin             Length             Attributes
RAM              0x0000000020000000 0x0000000000005000 xrw
FLASH            0x0000000008000000 0x0000000000010000 xr
*default*        0x0000000000000000 0xffffffffffffffff

Linker script and memory map

LOAD c:/st/stm32cubeide_1.8.0/stm32cubeide/plugins/com.st.stm32cube.ide.mcu.externaltools.gnu-tools-for-stm32.10.3-2021.10.win32_1.0.200.202301161003/tools/bin/../lib/gcc/arm-none-eabi/10.3.1/thumb/v7-m/nofp/crti.o
LOAD c:/st/stm32cubeide_1.8.0/stm32cubeide/plugins/com.st.stm32cube.ide.mcu.externaltools.gnu-tools-for-stm32.10.3-2021.10.win32_1.0.200.202301161003/tools/bin/../lib/gcc/arm-none-eabi/10.3.1/thumb/v7-m/nofp/crtbegin.o
LOAD c:/st/stm32cubeide_1.8.0/stm32cubeide/plugins/com.st.stm32cube.ide.mcu.externaltools.gnu-tools-for-stm32.10.3-2021.10.win32_1.0.200.202301161003/tools/bin/../lib/gcc/arm-none-eabi/10.3.1/../../../../arm-none-eabi/lib/thumb/v7-m/nofp/crt0.o
LOAD ./Core/Src/gpio.o
LOAD ./Core/Src/i2c.o
LOAD ./Core/Src/lcd_i2c.o
LOAD ./Core/Src/main.o
LOAD ./Core/Src/mfrc522.o
LOAD ./Core/Src/my_lib.o
LOAD ./Core/Src/spi.o
LOAD ./Core/Src/stm32f1xx_hal_msp.o
LOAD ./Core/Src/stm32f1xx_it.o
LOAD ./Core/Src/syscalls.o
LOAD ./Core/Src/sysmem.o
LOAD ./Core/Src/system_stm32f1xx.o
LOAD ./Core/Src/tim.o
LOAD ./Core/Src/usart.o
LOAD ./Core/Startup/startup_stm32f103c8tx.o
LOAD ./Drivers/STM32F1xx_HAL_Driver/Src/stm32f1xx_hal.o
LOAD ./Drivers/STM32F1xx_HAL_Driver/Src/stm32f1xx_hal_cortex.o
LOAD ./Drivers/STM32F1xx_HAL_Driver/Src/stm32f1xx_hal_dma.o
LOAD ./Drivers/STM32F1xx_HAL_Driver/Src/stm32f1xx_hal_exti.o
LOAD ./Drivers/STM32F1xx_HAL_Driver/Src/stm32f1xx_hal_flash.o
LOAD ./Drivers/STM32F1xx_HAL_Driver/Src/stm32f1xx_hal_flash_ex.o
LOAD ./Drivers/STM32F1xx_HAL_Driver/Src/stm32f1xx_hal_gpio.o
LOAD ./Drivers/STM32F1xx_HAL_Driver/Src/stm32f1xx_hal_gpio_ex.o
LOAD ./Drivers/STM32F1xx_HAL_Driver/Src/stm32f1xx_hal_i2c.o
LOAD ./Drivers/STM32F1xx_HAL_Driver/Src/stm32f1xx_hal_pwr.o
LOAD ./Drivers/STM32F1xx_HAL_Driver/Src/stm32f1xx_hal_rcc.o
LOAD ./Drivers/STM32F1xx_HAL_Driver/Src/stm32f1xx_hal_rcc_ex.o
LOAD ./Drivers/STM32F1xx_HAL_Driver/Src/stm32f1xx_hal_spi.o
LOAD ./Drivers/STM32F1xx_HAL_Driver/Src/stm32f1xx_hal_tim.o
LOAD ./Drivers/STM32F1xx_HAL_Driver/Src/stm32f1xx_hal_tim_ex.o
LOAD ./Drivers/STM32F1xx_HAL_Driver/Src/stm32f1xx_hal_uart.o
START GROUP
LOAD c:/st/stm32cubeide_1.8.0/stm32cubeide/plugins/com.st.stm32cube.ide.mcu.externaltools.gnu-tools-for-stm32.10.3-2021.10.win32_1.0.200.202301161003/tools/bin/../lib/gcc/arm-none-eabi/10.3.1/../../../../arm-none-eabi/lib/thumb/v7-m/nofp\libc_nano.a
LOAD c:/st/stm32cubeide_1.8.0/stm32cubeide/plugins/com.st.stm32cube.ide.mcu.externaltools.gnu-tools-for-stm32.10.3-2021.10.win32_1.0.200.202301161003/tools/bin/../lib/gcc/arm-none-eabi/10.3.1/../../../../arm-none-eabi/lib/thumb/v7-m/nofp\libm.a
END GROUP
START GROUP
LOAD c:/st/stm32cubeide_1.8.0/stm32cubeide/plugins/com.st.stm32cube.ide.mcu.externaltools.gnu-tools-for-stm32.10.3-2021.10.win32_1.0.200.202301161003/tools/bin/../lib/gcc/arm-none-eabi/10.3.1/thumb/v7-m/nofp\libgcc.a
LOAD c:/st/stm32cubeide_1.8.0/stm32cubeide/plugins/com.st.stm32cube.ide.mcu.externaltools.gnu-tools-for-stm32.10.3-2021.10.win32_1.0.200.202301161003/tools/bin/../lib/gcc/arm-none-eabi/10.3.1/../../../../arm-none-eabi/lib/thumb/v7-m/nofp\libc_nano.a
END GROUP
START GROUP
LOAD c:/st/stm32cubeide_1.8.0/stm32cubeide/plugins/com.st.stm32cube.ide.mcu.externaltools.gnu-tools-for-stm32.10.3-2021.10.win32_1.0.200.202301161003/tools/bin/../lib/gcc/arm-none-eabi/10.3.1/thumb/v7-m/nofp\libgcc.a
LOAD c:/st/stm32cubeide_1.8.0/stm32cubeide/plugins/com.st.stm32cube.ide.mcu.externaltools.gnu-tools-for-stm32.10.3-2021.10.win32_1.0.200.202301161003/tools/bin/../lib/gcc/arm-none-eabi/10.3.1/../../../../arm-none-eabi/lib/thumb/v7-m/nofp\libc_nano.a
LOAD c:/st/stm32cubeide_1.8.0/stm32cubeide/plugins/com.st.stm32cube.ide.mcu.externaltools.gnu-tools-for-stm32.10.3-2021.10.win32_1.0.200.202301161003/tools/bin/../lib/gcc/arm-none-eabi/10.3.1/../../../../arm-none-eabi/lib/thumb/v7-m/nofp\libnosys.a
END GROUP
START GROUP
LOAD c:/st/stm32cubeide_1.8.0/stm32cubeide/plugins/com.st.stm32cube.ide.mcu.externaltools.gnu-tools-for-stm32.10.3-2021.10.win32_1.0.200.202301161003/tools/bin/../lib/gcc/arm-none-eabi/10.3.1/thumb/v7-m/nofp\libgcc.a
LOAD c:/st/stm32cubeide_1.8.0/stm32cubeide/plugins/com.st.stm32cube.ide.mcu.externaltools.gnu-tools-for-stm32.10.3-2021.10.win32_1.0.200.202301161003/tools/bin/../lib/gcc/arm-none-eabi/10.3.1/../../../../arm-none-eabi/lib/thumb/v7-m/nofp\libc_nano.a
LOAD c:/st/stm32cubeide_1.8.0/stm32cubeide/plugins/com.st.stm32cube.ide.mcu.externaltools.gnu-tools-for-stm32.10.3-2021.10.win32_1.0.200.202301161003/tools/bin/../lib/gcc/arm-none-eabi/10.3.1/../../../../arm-none-eabi/lib/thumb/v7-m/nofp\libnosys.a
END GROUP
LOAD c:/st/stm32cubeide_1.8.0/stm32cubeide/plugins/com.st.stm32cube.ide.mcu.externaltools.gnu-tools-for-stm32.10.3-2021.10.win32_1.0.200.202301161003/tools/bin/../lib/gcc/arm-none-eabi/10.3.1/thumb/v7-m/nofp/crtend.o
LOAD c:/st/stm32cubeide_1.8.0/stm32cubeide/plugins/com.st.stm32cube.ide.mcu.externaltools.gnu-tools-for-stm32.10.3-2021.10.win32_1.0.200.202301161003/tools/bin/../lib/gcc/arm-none-eabi/10.3.1/thumb/v7-m/nofp/crtn.o
                0x0000000020005000                _estack = (ORIGIN (RAM) + LENGTH (RAM))
                0x0000000000000200                _Min_Heap_Size = 0x200
                0x0000000000000400                _Min_Stack_Size = 0x400

.isr_vector     0x0000000008000000      0x10c
                0x0000000008000000                . = ALIGN (0x4)
 *(.isr_vector)
 .isr_vector    0x0000000008000000      0x10c ./Core/Startup/startup_stm32f103c8tx.o
                0x0000000008000000                g_pfnVectors
                0x000000000800010c                . = ALIGN (0x4)

.text           0x000000000800010c     0x4eb4
                0x000000000800010c                . = ALIGN (0x4)
 *(.text)
 .text          0x000000000800010c       0x40 c:/st/stm32cubeide_1.8.0/stm32cubeide/plugins/com.st.stm32cube.ide.mcu.externaltools.gnu-tools-for-stm32.10.3-2021.10.win32_1.0.200.202301161003/tools/bin/../lib/gcc/arm-none-eabi/10.3.1/thumb/v7-m/nofp/crtbegin.o
 .text          0x000000000800014c       0x10 c:/st/stm32cubeide_1.8.0/stm32cubeide/plugins/com.st.stm32cube.ide.mcu.externaltools.gnu-tools-for-stm32.10.3-2021.10.win32_1.0.200.202301161003/tools/bin/../lib/gcc/arm-none-eabi/10.3.1/../../../../arm-none-eabi/lib/thumb/v7-m/nofp\libc_nano.a(lib_a-strlen.o)
                0x000000000800014c                strlen
 *(.text*)
 .text.MX_GPIO_Init
                0x000000000800015c      0x15c ./Core/Src/gpio.o
                0x000000000800015c                MX_GPIO_Init
 .text.MX_I2C1_Init
                0x00000000080002b8       0x5c ./Core/Src/i2c.o
                0x00000000080002b8                MX_I2C1_Init
 .text.HAL_I2C_MspInit
                0x0000000008000314       0xa0 ./Core/Src/i2c.o
                0x0000000008000314                HAL_I2C_MspInit
 .text.lcd_send_cmd
                0x00000000080003b4       0x64 ./Core/Src/lcd_i2c.o
                0x00000000080003b4                lcd_send_cmd
 .text.lcd_send_data
                0x0000000008000418       0x60 ./Core/Src/lcd_i2c.o
                0x0000000008000418                lcd_send_data
 .text.lcd_init
                0x0000000008000478       0x5c ./Core/Src/lcd_i2c.o
                0x0000000008000478                lcd_init
 .text.lcd_send_string
                0x00000000080004d4       0x2a ./Core/Src/lcd_i2c.o
                0x00000000080004d4                lcd_send_string
 .text.lcd_clear
                0x00000000080004fe        0xe ./Core/Src/lcd_i2c.o
                0x00000000080004fe                lcd_clear
 .text.lcd_goto_XY
                0x000000000800050c       0x78 ./Core/Src/lcd_i2c.o
                0x000000000800050c                lcd_goto_XY
 .text.lcd_string
                0x0000000008000584       0x2c ./Core/Src/lcd_i2c.o
                0x0000000008000584                lcd_string
 .text.servo    0x00000000080005b0      0x100 ./Core/Src/main.o
                0x00000000080005b0                servo
 .text.delay_us
                0x00000000080006b0       0x34 ./Core/Src/main.o
                0x00000000080006b0                delay_us
 .text.HAL_UART_RxCpltCallback
                0x00000000080006e4       0x70 ./Core/Src/main.o
                0x00000000080006e4                HAL_UART_RxCpltCallback
 .text.rs485_print
                0x0000000008000754       0x68 ./Core/Src/main.o
                0x0000000008000754                rs485_print
 .text.main     0x00000000080007bc      0x610 ./Core/Src/main.o
                0x00000000080007bc                main
 .text.SystemClock_Config
                0x0000000008000dcc       0x82 ./Core/Src/main.o
                0x0000000008000dcc                SystemClock_Config
 *fill*         0x0000000008000e4e        0x2 
 .text.char_to_hex
                0x0000000008000e50       0x68 ./Core/Src/main.o
                0x0000000008000e50                char_to_hex
 .text.Error_Handler
                0x0000000008000eb8        0xa ./Core/Src/main.o
                0x0000000008000eb8                Error_Handler
 *fill*         0x0000000008000ec2        0x2 
 .text.SPI1SendByte
                0x0000000008000ec4       0x30 ./Core/Src/mfrc522.o
                0x0000000008000ec4                SPI1SendByte
 .text.SPI1_WriteReg
                0x0000000008000ef4       0x40 ./Core/Src/mfrc522.o
                0x0000000008000ef4                SPI1_WriteReg
 .text.SPI1_ReadReg
                0x0000000008000f34       0x40 ./Core/Src/mfrc522.o
                0x0000000008000f34                SPI1_ReadReg
 .text.MFRC522_WriteRegister
                0x0000000008000f74       0x30 ./Core/Src/mfrc522.o
                0x0000000008000f74                MFRC522_WriteRegister
 .text.MFRC522_ReadRegister
                0x0000000008000fa4       0x34 ./Core/Src/mfrc522.o
                0x0000000008000fa4                MFRC522_ReadRegister
 .text.MFRC522_SetBitMask
                0x0000000008000fd8       0x34 ./Core/Src/mfrc522.o
                0x0000000008000fd8                MFRC522_SetBitMask
 .text.MFRC522_ClearBitMask
                0x000000000800100c       0x3c ./Core/Src/mfrc522.o
                0x000000000800100c                MFRC522_ClearBitMask
 .text.MFRC522_Request
                0x0000000008001048       0x4a ./Core/Src/mfrc522.o
                0x0000000008001048                MFRC522_Request
 .text.MFRC522_ToCard
                0x0000000008001092      0x19e ./Core/Src/mfrc522.o
                0x0000000008001092                MFRC522_ToCard
 .text.MFRC522_Anticoll
                0x0000000008001230       0x7a ./Core/Src/mfrc522.o
                0x0000000008001230                MFRC522_Anticoll
 .text.MFRC522_Init
                0x00000000080012aa       0x48 ./Core/Src/mfrc522.o
                0x00000000080012aa                MFRC522_Init
 .text.MFRC522_Reset
                0x00000000080012f2       0x10 ./Core/Src/mfrc522.o
                0x00000000080012f2                MFRC522_Reset
 .text.MFRC522_AntennaOn
                0x0000000008001302       0x2a ./Core/Src/mfrc522.o
                0x0000000008001302                MFRC522_AntennaOn
 .text.MX_SPI1_Init
                0x000000000800132c       0x6c ./Core/Src/spi.o
                0x000000000800132c                MX_SPI1_Init
 .text.HAL_SPI_MspInit
                0x0000000008001398       0x94 ./Core/Src/spi.o
                0x0000000008001398                HAL_SPI_MspInit
 .text.HAL_MspInit
                0x000000000800142c       0x64 ./Core/Src/stm32f1xx_hal_msp.o
                0x000000000800142c                HAL_MspInit
 .text.NMI_Handler
                0x0000000008001490        0x6 ./Core/Src/stm32f1xx_it.o
                0x0000000008001490                NMI_Handler
 .text.HardFault_Handler
                0x0000000008001496        0x6 ./Core/Src/stm32f1xx_it.o
                0x0000000008001496                HardFault_Handler
 .text.MemManage_Handler
                0x000000000800149c        0x6 ./Core/Src/stm32f1xx_it.o
                0x000000000800149c                MemManage_Handler
 .text.BusFault_Handler
                0x00000000080014a2        0x6 ./Core/Src/stm32f1xx_it.o
                0x00000000080014a2                BusFault_Handler
 .text.UsageFault_Handler
                0x00000000080014a8        0x6 ./Core/Src/stm32f1xx_it.o
                0x00000000080014a8                UsageFault_Handler
 .text.SVC_Handler
                0x00000000080014ae        0xc ./Core/Src/stm32f1xx_it.o
                0x00000000080014ae                SVC_Handler
 .text.DebugMon_Handler
                0x00000000080014ba        0xc ./Core/Src/stm32f1xx_it.o
                0x00000000080014ba                DebugMon_Handler
 .text.PendSV_Handler
                0x00000000080014c6        0xc ./Core/Src/stm32f1xx_it.o
                0x00000000080014c6                PendSV_Handler
 .text.SysTick_Handler
                0x00000000080014d2        0xc ./Core/Src/stm32f1xx_it.o
                0x00000000080014d2                SysTick_Handler
 *fill*         0x00000000080014de        0x2 
 .text.USART1_IRQHandler
                0x00000000080014e0       0x14 ./Core/Src/stm32f1xx_it.o
                0x00000000080014e0                USART1_IRQHandler
 .text._sbrk    0x00000000080014f4       0x6c ./Core/Src/sysmem.o
                0x00000000080014f4                _sbrk
 .text.SystemInit
                0x0000000008001560        0xc ./Core/Src/system_stm32f1xx.o
                0x0000000008001560                SystemInit
 .text.MX_TIM2_Init
                0x000000000800156c       0x98 ./Core/Src/tim.o
                0x000000000800156c                MX_TIM2_Init
 .text.HAL_TIM_Base_MspInit
                0x0000000008001604       0x38 ./Core/Src/tim.o
                0x0000000008001604                HAL_TIM_Base_MspInit
 .text.MX_USART1_UART_Init
                0x000000000800163c       0x54 ./Core/Src/usart.o
                0x000000000800163c                MX_USART1_UART_Init
 .text.HAL_UART_MspInit
                0x0000000008001690       0xa8 ./Core/Src/usart.o
                0x0000000008001690                HAL_UART_MspInit
 .text.Reset_Handler
                0x0000000008001738       0x48 ./Core/Startup/startup_stm32f103c8tx.o
                0x0000000008001738                Reset_Handler
 .text.Default_Handler
                0x0000000008001780        0x2 ./Core/Startup/startup_stm32f103c8tx.o
                0x0000000008001780                RTC_Alarm_IRQHandler
                0x0000000008001780                EXTI2_IRQHandler
                0x0000000008001780                TIM1_CC_IRQHandler
                0x0000000008001780                PVD_IRQHandler
                0x0000000008001780                EXTI3_IRQHandler
                0x0000000008001780                EXTI0_IRQHandler
                0x0000000008001780                I2C2_EV_IRQHandler
                0x0000000008001780                ADC1_2_IRQHandler
                0x0000000008001780                SPI1_IRQHandler
                0x0000000008001780                TAMPER_IRQHandler
                0x0000000008001780                DMA1_Channel4_IRQHandler
                0x0000000008001780                USART3_IRQHandler
                0x0000000008001780                RTC_IRQHandler
                0x0000000008001780                DMA1_Channel7_IRQHandler
                0x0000000008001780                CAN1_RX1_IRQHandler
                0x0000000008001780                TIM4_IRQHandler
                0x0000000008001780                I2C1_EV_IRQHandler
                0x0000000008001780                DMA1_Channel6_IRQHandler
                0x0000000008001780                TIM3_IRQHandler
                0x0000000008001780                RCC_IRQHandler
                0x0000000008001780                TIM1_TRG_COM_IRQHandler
                0x0000000008001780                DMA1_Channel1_IRQHandler
                0x0000000008001780                Default_Handler
                0x0000000008001780                EXTI15_10_IRQHandler
                0x0000000008001780                EXTI9_5_IRQHandler
                0x0000000008001780                SPI2_IRQHandler
                0x0000000008001780                DMA1_Channel5_IRQHandler
                0x0000000008001780                EXTI4_IRQHandler
                0x0000000008001780                USB_LP_CAN1_RX0_IRQHandler
                0x0000000008001780                USB_HP_CAN1_TX_IRQHandler
                0x0000000008001780                DMA1_Channel3_IRQHandler
                0x0000000008001780                TIM1_UP_IRQHandler
                0x0000000008001780                WWDG_IRQHandler
                0x0000000008001780                TIM2_IRQHandler
                0x0000000008001780                TIM1_BRK_IRQHandler
                0x0000000008001780                EXTI1_IRQHandler
                0x0000000008001780                USART2_IRQHandler
                0x0000000008001780                I2C2_ER_IRQHandler
                0x0000000008001780                DMA1_Channel2_IRQHandler
                0x0000000008001780                CAN1_SCE_IRQHandler
                0x0000000008001780                FLASH_IRQHandler
                0x0000000008001780                I2C1_ER_IRQHandler
                0x0000000008001780                USBWakeUp_IRQHandler
 *fill*         0x0000000008001782        0x2 
 .text.HAL_Init
                0x0000000008001784       0x2c ./Drivers/STM32F1xx_HAL_Driver/Src/stm32f1xx_hal.o
                0x0000000008001784                HAL_Init
 .text.HAL_InitTick
                0x00000000080017b0       0x60 ./Drivers/STM32F1xx_HAL_Driver/Src/stm32f1xx_hal.o
                0x00000000080017b0                HAL_InitTick
 .text.HAL_IncTick
                0x0000000008001810       0x24 ./Drivers/STM32F1xx_HAL_Driver/Src/stm32f1xx_hal.o
                0x0000000008001810                HAL_IncTick
 .text.HAL_GetTick
                0x0000000008001834       0x14 ./Drivers/STM32F1xx_HAL_Driver/Src/stm32f1xx_hal.o
                0x0000000008001834                HAL_GetTick
 .text.HAL_Delay
                0x0000000008001848       0x48 ./Drivers/STM32F1xx_HAL_Driver/Src/stm32f1xx_hal.o
                0x0000000008001848                HAL_Delay
 .text.__NVIC_SetPriorityGrouping
                0x0000000008001890       0x48 ./Drivers/STM32F1xx_HAL_Driver/Src/stm32f1xx_hal_cortex.o
 .text.__NVIC_GetPriorityGrouping
                0x00000000080018d8       0x1c ./Drivers/STM32F1xx_HAL_Driver/Src/stm32f1xx_hal_cortex.o
 .text.__NVIC_EnableIRQ
                0x00000000080018f4       0x38 ./Drivers/STM32F1xx_HAL_Driver/Src/stm32f1xx_hal_cortex.o
 .text.__NVIC_SetPriority
                0x000000000800192c       0x54 ./Drivers/STM32F1xx_HAL_Driver/Src/stm32f1xx_hal_cortex.o
 .text.NVIC_EncodePriority
                0x0000000008001980       0x64 ./Drivers/STM32F1xx_HAL_Driver/Src/stm32f1xx_hal_cortex.o
 .text.SysTick_Config
                0x00000000080019e4       0x44 ./Drivers/STM32F1xx_HAL_Driver/Src/stm32f1xx_hal_cortex.o
 .text.HAL_NVIC_SetPriorityGrouping
                0x0000000008001a28       0x16 ./Drivers/STM32F1xx_HAL_Driver/Src/stm32f1xx_hal_cortex.o
                0x0000000008001a28                HAL_NVIC_SetPriorityGrouping
 .text.HAL_NVIC_SetPriority
                0x0000000008001a3e       0x38 ./Drivers/STM32F1xx_HAL_Driver/Src/stm32f1xx_hal_cortex.o
                0x0000000008001a3e                HAL_NVIC_SetPriority
 .text.HAL_NVIC_EnableIRQ
                0x0000000008001a76       0x1c ./Drivers/STM32F1xx_HAL_Driver/Src/stm32f1xx_hal_cortex.o
                0x0000000008001a76                HAL_NVIC_EnableIRQ
 .text.HAL_SYSTICK_Config
                0x0000000008001a92       0x18 ./Drivers/STM32F1xx_HAL_Driver/Src/stm32f1xx_hal_cortex.o
                0x0000000008001a92                HAL_SYSTICK_Config
 .text.HAL_DMA_Abort
                0x0000000008001aaa       0x74 ./Drivers/STM32F1xx_HAL_Driver/Src/stm32f1xx_hal_dma.o
                0x0000000008001aaa                HAL_DMA_Abort
 *fill*         0x0000000008001b1e        0x2 
 .text.HAL_DMA_Abort_IT
                0x0000000008001b20       0xec ./Drivers/STM32F1xx_HAL_Driver/Src/stm32f1xx_hal_dma.o
                0x0000000008001b20                HAL_DMA_Abort_IT
 .text.HAL_GPIO_Init
                0x0000000008001c0c      0x308 ./Drivers/STM32F1xx_HAL_Driver/Src/stm32f1xx_hal_gpio.o
                0x0000000008001c0c                HAL_GPIO_Init
 .text.HAL_GPIO_ReadPin
                0x0000000008001f14       0x2e ./Drivers/STM32F1xx_HAL_Driver/Src/stm32f1xx_hal_gpio.o
                0x0000000008001f14                HAL_GPIO_ReadPin
 .text.HAL_GPIO_WritePin
                0x0000000008001f42       0x30 ./Drivers/STM32F1xx_HAL_Driver/Src/stm32f1xx_hal_gpio.o
                0x0000000008001f42                HAL_GPIO_WritePin
 .text.HAL_GPIO_TogglePin
                0x0000000008001f72       0x32 ./Drivers/STM32F1xx_HAL_Driver/Src/stm32f1xx_hal_gpio.o
                0x0000000008001f72                HAL_GPIO_TogglePin
 .text.HAL_I2C_Init
                0x0000000008001fa4      0x288 ./Drivers/STM32F1xx_HAL_Driver/Src/stm32f1xx_hal_i2c.o
                0x0000000008001fa4                HAL_I2C_Init
 .text.HAL_I2C_Master_Transmit
                0x000000000800222c      0x1fc ./Drivers/STM32F1xx_HAL_Driver/Src/stm32f1xx_hal_i2c.o
                0x000000000800222c                HAL_I2C_Master_Transmit
 .text.I2C_MasterRequestWrite
                0x0000000008002428      0x104 ./Drivers/STM32F1xx_HAL_Driver/Src/stm32f1xx_hal_i2c.o
 .text.I2C_WaitOnFlagUntilTimeout
                0x000000000800252c       0xae ./Drivers/STM32F1xx_HAL_Driver/Src/stm32f1xx_hal_i2c.o
 .text.I2C_WaitOnMasterAddressFlagUntilTimeout
                0x00000000080025da       0xfe ./Drivers/STM32F1xx_HAL_Driver/Src/stm32f1xx_hal_i2c.o
 .text.I2C_WaitOnTXEFlagUntilTimeout
                0x00000000080026d8       0x82 ./Drivers/STM32F1xx_HAL_Driver/Src/stm32f1xx_hal_i2c.o
 .text.I2C_WaitOnBTFFlagUntilTimeout
                0x000000000800275a       0x82 ./Drivers/STM32F1xx_HAL_Driver/Src/stm32f1xx_hal_i2c.o
 .text.I2C_IsAcknowledgeFailed
                0x00000000080027dc       0x5c ./Drivers/STM32F1xx_HAL_Driver/Src/stm32f1xx_hal_i2c.o
 .text.HAL_RCC_OscConfig
                0x0000000008002838      0x504 ./Drivers/STM32F1xx_HAL_Driver/Src/stm32f1xx_hal_rcc.o
                0x0000000008002838                HAL_RCC_OscConfig
 .text.HAL_RCC_ClockConfig
                0x0000000008002d3c      0x1d4 ./Drivers/STM32F1xx_HAL_Driver/Src/stm32f1xx_hal_rcc.o
                0x0000000008002d3c                HAL_RCC_ClockConfig
 .text.HAL_RCC_GetSysClockFreq
                0x0000000008002f10       0xbc ./Drivers/STM32F1xx_HAL_Driver/Src/stm32f1xx_hal_rcc.o
                0x0000000008002f10                HAL_RCC_GetSysClockFreq
 .text.HAL_RCC_GetHCLKFreq
                0x0000000008002fcc       0x14 ./Drivers/STM32F1xx_HAL_Driver/Src/stm32f1xx_hal_rcc.o
                0x0000000008002fcc                HAL_RCC_GetHCLKFreq
 .text.HAL_RCC_GetPCLK1Freq
                0x0000000008002fe0       0x28 ./Drivers/STM32F1xx_HAL_Driver/Src/stm32f1xx_hal_rcc.o
                0x0000000008002fe0                HAL_RCC_GetPCLK1Freq
 .text.HAL_RCC_GetPCLK2Freq
                0x0000000008003008       0x28 ./Drivers/STM32F1xx_HAL_Driver/Src/stm32f1xx_hal_rcc.o
                0x0000000008003008                HAL_RCC_GetPCLK2Freq
 .text.RCC_Delay
                0x0000000008003030       0x3c ./Drivers/STM32F1xx_HAL_Driver/Src/stm32f1xx_hal_rcc.o
 .text.HAL_SPI_Init
                0x000000000800306c      0x108 ./Drivers/STM32F1xx_HAL_Driver/Src/stm32f1xx_hal_spi.o
                0x000000000800306c                HAL_SPI_Init
 .text.HAL_SPI_TransmitReceive
                0x0000000008003174      0x344 ./Drivers/STM32F1xx_HAL_Driver/Src/stm32f1xx_hal_spi.o
                0x0000000008003174                HAL_SPI_TransmitReceive
 .text.SPI_WaitFlagStateUntilTimeout
                0x00000000080034b8      0x110 ./Drivers/STM32F1xx_HAL_Driver/Src/stm32f1xx_hal_spi.o
 .text.SPI_EndRxTxTransaction
                0x00000000080035c8       0x3c ./Drivers/STM32F1xx_HAL_Driver/Src/stm32f1xx_hal_spi.o
 .text.HAL_TIM_Base_Init
                0x0000000008003604       0x9e ./Drivers/STM32F1xx_HAL_Driver/Src/stm32f1xx_hal_tim.o
                0x0000000008003604                HAL_TIM_Base_Init
 *fill*         0x00000000080036a2        0x2 
 .text.HAL_TIM_Base_Start
                0x00000000080036a4       0x94 ./Drivers/STM32F1xx_HAL_Driver/Src/stm32f1xx_hal_tim.o
                0x00000000080036a4                HAL_TIM_Base_Start
 .text.HAL_TIM_ConfigClockSource
                0x0000000008003738      0x188 ./Drivers/STM32F1xx_HAL_Driver/Src/stm32f1xx_hal_tim.o
                0x0000000008003738                HAL_TIM_ConfigClockSource
 .text.TIM_Base_SetConfig
                0x00000000080038c0       0xc4 ./Drivers/STM32F1xx_HAL_Driver/Src/stm32f1xx_hal_tim.o
                0x00000000080038c0                TIM_Base_SetConfig
 .text.TIM_TI1_ConfigInputStage
                0x0000000008003984       0x5c ./Drivers/STM32F1xx_HAL_Driver/Src/stm32f1xx_hal_tim.o
 .text.TIM_TI2_ConfigInputStage
                0x00000000080039e0       0x5e ./Drivers/STM32F1xx_HAL_Driver/Src/stm32f1xx_hal_tim.o
 .text.TIM_ITRx_SetConfig
                0x0000000008003a3e       0x34 ./Drivers/STM32F1xx_HAL_Driver/Src/stm32f1xx_hal_tim.o
 .text.TIM_ETR_SetConfig
                0x0000000008003a72       0x3e ./Drivers/STM32F1xx_HAL_Driver/Src/stm32f1xx_hal_tim.o
                0x0000000008003a72                TIM_ETR_SetConfig
 .text.HAL_TIMEx_MasterConfigSynchronization
                0x0000000008003ab0       0xbc ./Drivers/STM32F1xx_HAL_Driver/Src/stm32f1xx_hal_tim_ex.o
                0x0000000008003ab0                HAL_TIMEx_MasterConfigSynchronization
 .text.HAL_UART_Init
                0x0000000008003b6c       0x9a ./Drivers/STM32F1xx_HAL_Driver/Src/stm32f1xx_hal_uart.o
                0x0000000008003b6c                HAL_UART_Init
 .text.HAL_UART_Transmit
                0x0000000008003c06      0x124 ./Drivers/STM32F1xx_HAL_Driver/Src/stm32f1xx_hal_uart.o
                0x0000000008003c06                HAL_UART_Transmit
 .text.HAL_UART_Receive_IT
                0x0000000008003d2a       0x60 ./Drivers/STM32F1xx_HAL_Driver/Src/stm32f1xx_hal_uart.o
                0x0000000008003d2a                HAL_UART_Receive_IT
 *fill*         0x0000000008003d8a        0x2 
 .text.HAL_UART_IRQHandler
                0x0000000008003d8c      0x354 ./Drivers/STM32F1xx_HAL_Driver/Src/stm32f1xx_hal_uart.o
                0x0000000008003d8c                HAL_UART_IRQHandler
 .text.HAL_UART_TxCpltCallback
                0x00000000080040e0       0x12 ./Drivers/STM32F1xx_HAL_Driver/Src/stm32f1xx_hal_uart.o
                0x00000000080040e0                HAL_UART_TxCpltCallback
 .text.HAL_UART_ErrorCallback
                0x00000000080040f2       0x12 ./Drivers/STM32F1xx_HAL_Driver/Src/stm32f1xx_hal_uart.o
                0x00000000080040f2                HAL_UART_ErrorCallback
 .text.HAL_UARTEx_RxEventCallback
                0x0000000008004104       0x16 ./Drivers/STM32F1xx_HAL_Driver/Src/stm32f1xx_hal_uart.o
                0x0000000008004104                HAL_UARTEx_RxEventCallback
 .text.UART_WaitOnFlagUntilTimeout
                0x000000000800411a       0x94 ./Drivers/STM32F1xx_HAL_Driver/Src/stm32f1xx_hal_uart.o
 .text.UART_Start_Receive_IT
                0x00000000080041ae       0x72 ./Drivers/STM32F1xx_HAL_Driver/Src/stm32f1xx_hal_uart.o
                0x00000000080041ae                UART_Start_Receive_IT
 .text.UART_EndRxTransfer
                0x0000000008004220       0x58 ./Drivers/STM32F1xx_HAL_Driver/Src/stm32f1xx_hal_uart.o
 .text.UART_DMAAbortOnError
                0x0000000008004278       0x28 ./Drivers/STM32F1xx_HAL_Driver/Src/stm32f1xx_hal_uart.o
 .text.UART_Transmit_IT
                0x00000000080042a0       0x9e ./Drivers/STM32F1xx_HAL_Driver/Src/stm32f1xx_hal_uart.o
 .text.UART_EndTransmit_IT
                0x000000000800433e       0x30 ./Drivers/STM32F1xx_HAL_Driver/Src/stm32f1xx_hal_uart.o
 .text.UART_Receive_IT
                0x000000000800436e      0x152 ./Drivers/STM32F1xx_HAL_Driver/Src/stm32f1xx_hal_uart.o
 .text.UART_SetConfig
                0x00000000080044c0      0x11c ./Drivers/STM32F1xx_HAL_Driver/Src/stm32f1xx_hal_uart.o
 .text.__errno  0x00000000080045dc        0xc c:/st/stm32cubeide_1.8.0/stm32cubeide/plugins/com.st.stm32cube.ide.mcu.externaltools.gnu-tools-for-stm32.10.3-2021.10.win32_1.0.200.202301161003/tools/bin/../lib/gcc/arm-none-eabi/10.3.1/../../../../arm-none-eabi/lib/thumb/v7-m/nofp\libc_nano.a(lib_a-errno.o)
                0x00000000080045dc                __errno
 .text.__libc_init_array
                0x00000000080045e8       0x48 c:/st/stm32cubeide_1.8.0/stm32cubeide/plugins/com.st.stm32cube.ide.mcu.externaltools.gnu-tools-for-stm32.10.3-2021.10.win32_1.0.200.202301161003/tools/bin/../lib/gcc/arm-none-eabi/10.3.1/../../../../arm-none-eabi/lib/thumb/v7-m/nofp\libc_nano.a(lib_a-init.o)
                0x00000000080045e8                __libc_init_array
 .text.memset   0x0000000008004630       0x10 c:/st/stm32cubeide_1.8.0/stm32cubeide/plugins/com.st.stm32cube.ide.mcu.externaltools.gnu-tools-for-stm32.10.3-2021.10.win32_1.0.200.202301161003/tools/bin/../lib/gcc/arm-none-eabi/10.3.1/../../../../arm-none-eabi/lib/thumb/v7-m/nofp\libc_nano.a(lib_a-memset.o)
                0x0000000008004630                memset
 .text.sprintf  0x0000000008004640       0x40 c:/st/stm32cubeide_1.8.0/stm32cubeide/plugins/com.st.stm32cube.ide.mcu.externaltools.gnu-tools-for-stm32.10.3-2021.10.win32_1.0.200.202301161003/tools/bin/../lib/gcc/arm-none-eabi/10.3.1/../../../../arm-none-eabi/lib/thumb/v7-m/nofp\libc_nano.a(lib_a-sprintf.o)
                0x0000000008004640                siprintf
                0x0000000008004640                sprintf
 .text._vsnprintf_r
                0x0000000008004680       0x56 c:/st/stm32cubeide_1.8.0/stm32cubeide/plugins/com.st.stm32cube.ide.mcu.externaltools.gnu-tools-for-stm32.10.3-2021.10.win32_1.0.200.202301161003/tools/bin/../lib/gcc/arm-none-eabi/10.3.1/../../../../arm-none-eabi/lib/thumb/v7-m/nofp\libc_nano.a(lib_a-vsnprintf.o)
                0x0000000008004680                _vsniprintf_r
                0x0000000008004680                _vsnprintf_r
 *fill*         0x00000000080046d6        0x2 
 .text.vsnprintf
                0x00000000080046d8       0x1c c:/st/stm32cubeide_1.8.0/stm32cubeide/plugins/com.st.stm32cube.ide.mcu.externaltools.gnu-tools-for-stm32.10.3-2021.10.win32_1.0.200.202301161003/tools/bin/../lib/gcc/arm-none-eabi/10.3.1/../../../../arm-none-eabi/lib/thumb/v7-m/nofp\libc_nano.a(lib_a-vsnprintf.o)
                0x00000000080046d8                vsniprintf
                0x00000000080046d8                vsnprintf
 .text.__ssputs_r
                0x00000000080046f4       0xb6 c:/st/stm32cubeide_1.8.0/stm32cubeide/plugins/com.st.stm32cube.ide.mcu.externaltools.gnu-tools-for-stm32.10.3-2021.10.win32_1.0.200.202301161003/tools/bin/../lib/gcc/arm-none-eabi/10.3.1/../../../../arm-none-eabi/lib/thumb/v7-m/nofp\libc_nano.a(lib_a-nano-svfprintf.o)
                0x00000000080046f4                __ssputs_r
 *fill*         0x00000000080047aa        0x2 
 .text._svfprintf_r
                0x00000000080047ac      0x200 c:/st/stm32cubeide_1.8.0/stm32cubeide/plugins/com.st.stm32cube.ide.mcu.externaltools.gnu-tools-for-stm32.10.3-2021.10.win32_1.0.200.202301161003/tools/bin/../lib/gcc/arm-none-eabi/10.3.1/../../../../arm-none-eabi/lib/thumb/v7-m/nofp\libc_nano.a(lib_a-nano-svfprintf.o)
                0x00000000080047ac                _svfiprintf_r
                0x00000000080047ac                _svfprintf_r
 .text._printf_common
                0x00000000080049ac       0xde c:/st/stm32cubeide_1.8.0/stm32cubeide/plugins/com.st.stm32cube.ide.mcu.externaltools.gnu-tools-for-stm32.10.3-2021.10.win32_1.0.200.202301161003/tools/bin/../lib/gcc/arm-none-eabi/10.3.1/../../../../arm-none-eabi/lib/thumb/v7-m/nofp\libc_nano.a(lib_a-nano-vfprintf_i.o)
                0x00000000080049ac                _printf_common
 *fill*         0x0000000008004a8a        0x2 
 .text._printf_i
                0x0000000008004a8c      0x24c c:/st/stm32cubeide_1.8.0/stm32cubeide/plugins/com.st.stm32cube.ide.mcu.externaltools.gnu-tools-for-stm32.10.3-2021.10.win32_1.0.200.202301161003/tools/bin/../lib/gcc/arm-none-eabi/10.3.1/../../../../arm-none-eabi/lib/thumb/v7-m/nofp\libc_nano.a(lib_a-nano-vfprintf_i.o)
                0x0000000008004a8c                _printf_i
 .text.memchr   0x0000000008004cd8       0x1c c:/st/stm32cubeide_1.8.0/stm32cubeide/plugins/com.st.stm32cube.ide.mcu.externaltools.gnu-tools-for-stm32.10.3-2021.10.win32_1.0.200.202301161003/tools/bin/../lib/gcc/arm-none-eabi/10.3.1/../../../../arm-none-eabi/lib/thumb/v7-m/nofp\libc_nano.a(lib_a-memchr-stub.o)
                0x0000000008004cd8                memchr
 .text.memcpy   0x0000000008004cf4       0x1c c:/st/stm32cubeide_1.8.0/stm32cubeide/plugins/com.st.stm32cube.ide.mcu.externaltools.gnu-tools-for-stm32.10.3-2021.10.win32_1.0.200.202301161003/tools/bin/../lib/gcc/arm-none-eabi/10.3.1/../../../../arm-none-eabi/lib/thumb/v7-m/nofp\libc_nano.a(lib_a-memcpy-stub.o)
                0x0000000008004cf4                memcpy
 .text.memmove  0x0000000008004d10       0x34 c:/st/stm32cubeide_1.8.0/stm32cubeide/plugins/com.st.stm32cube.ide.mcu.externaltools.gnu-tools-for-stm32.10.3-2021.10.win32_1.0.200.202301161003/tools/bin/../lib/gcc/arm-none-eabi/10.3.1/../../../../arm-none-eabi/lib/thumb/v7-m/nofp\libc_nano.a(lib_a-memmove.o)
                0x0000000008004d10                memmove
 .text._free_r  0x0000000008004d44       0x90 c:/st/stm32cubeide_1.8.0/stm32cubeide/plugins/com.st.stm32cube.ide.mcu.externaltools.gnu-tools-for-stm32.10.3-2021.10.win32_1.0.200.202301161003/tools/bin/../lib/gcc/arm-none-eabi/10.3.1/../../../../arm-none-eabi/lib/thumb/v7-m/nofp\libc_nano.a(lib_a-nano-freer.o)
                0x0000000008004d44                _free_r
 .text.sbrk_aligned
                0x0000000008004dd4       0x40 c:/st/stm32cubeide_1.8.0/stm32cubeide/plugins/com.st.stm32cube.ide.mcu.externaltools.gnu-tools-for-stm32.10.3-2021.10.win32_1.0.200.202301161003/tools/bin/../lib/gcc/arm-none-eabi/10.3.1/../../../../arm-none-eabi/lib/thumb/v7-m/nofp\libc_nano.a(lib_a-nano-mallocr.o)
 .text._malloc_r
                0x0000000008004e14       0xe8 c:/st/stm32cubeide_1.8.0/stm32cubeide/plugins/com.st.stm32cube.ide.mcu.externaltools.gnu-tools-for-stm32.10.3-2021.10.win32_1.0.200.202301161003/tools/bin/../lib/gcc/arm-none-eabi/10.3.1/../../../../arm-none-eabi/lib/thumb/v7-m/nofp\libc_nano.a(lib_a-nano-mallocr.o)
                0x0000000008004e14                _malloc_r
 .text._realloc_r
                0x0000000008004efc       0x5e c:/st/stm32cubeide_1.8.0/stm32cubeide/plugins/com.st.stm32cube.ide.mcu.externaltools.gnu-tools-for-stm32.10.3-2021.10.win32_1.0.200.202301161003/tools/bin/../lib/gcc/arm-none-eabi/10.3.1/../../../../arm-none-eabi/lib/thumb/v7-m/nofp\libc_nano.a(lib_a-nano-reallocr.o)
                0x0000000008004efc                _realloc_r
 *fill*         0x0000000008004f5a        0x2 
 .text._sbrk_r  0x0000000008004f5c       0x20 c:/st/stm32cubeide_1.8.0/stm32cubeide/plugins/com.st.stm32cube.ide.mcu.externaltools.gnu-tools-for-stm32.10.3-2021.10.win32_1.0.200.202301161003/tools/bin/../lib/gcc/arm-none-eabi/10.3.1/../../../../arm-none-eabi/lib/thumb/v7-m/nofp\libc_nano.a(lib_a-sbrkr.o)
                0x0000000008004f5c                _sbrk_r
 .text.__malloc_lock
                0x0000000008004f7c        0xc c:/st/stm32cubeide_1.8.0/stm32cubeide/plugins/com.st.stm32cube.ide.mcu.externaltools.gnu-tools-for-stm32.10.3-2021.10.win32_1.0.200.202301161003/tools/bin/../lib/gcc/arm-none-eabi/10.3.1/../../../../arm-none-eabi/lib/thumb/v7-m/nofp\libc_nano.a(lib_a-mlock.o)
                0x0000000008004f7c                __malloc_lock
 .text.__malloc_unlock
                0x0000000008004f88        0xc c:/st/stm32cubeide_1.8.0/stm32cubeide/plugins/com.st.stm32cube.ide.mcu.externaltools.gnu-tools-for-stm32.10.3-2021.10.win32_1.0.200.202301161003/tools/bin/../lib/gcc/arm-none-eabi/10.3.1/../../../../arm-none-eabi/lib/thumb/v7-m/nofp\libc_nano.a(lib_a-mlock.o)
                0x0000000008004f88                __malloc_unlock
 .text._malloc_usable_size_r
                0x0000000008004f94       0x10 c:/st/stm32cubeide_1.8.0/stm32cubeide/plugins/com.st.stm32cube.ide.mcu.externaltools.gnu-tools-for-stm32.10.3-2021.10.win32_1.0.200.202301161003/tools/bin/../lib/gcc/arm-none-eabi/10.3.1/../../../../arm-none-eabi/lib/thumb/v7-m/nofp\libc_nano.a(lib_a-nano-msizer.o)
                0x0000000008004f94                _malloc_usable_size_r
 .text.__retarget_lock_acquire_recursive
                0x0000000008004fa4        0x2 c:/st/stm32cubeide_1.8.0/stm32cubeide/plugins/com.st.stm32cube.ide.mcu.externaltools.gnu-tools-for-stm32.10.3-2021.10.win32_1.0.200.202301161003/tools/bin/../lib/gcc/arm-none-eabi/10.3.1/../../../../arm-none-eabi/lib/thumb/v7-m/nofp\libc_nano.a(lib_a-lock.o)
                0x0000000008004fa4                __retarget_lock_acquire_recursive
 .text.__retarget_lock_release_recursive
                0x0000000008004fa6        0x2 c:/st/stm32cubeide_1.8.0/stm32cubeide/plugins/com.st.stm32cube.ide.mcu.externaltools.gnu-tools-for-stm32.10.3-2021.10.win32_1.0.200.202301161003/tools/bin/../lib/gcc/arm-none-eabi/10.3.1/../../../../arm-none-eabi/lib/thumb/v7-m/nofp\libc_nano.a(lib_a-lock.o)
                0x0000000008004fa6                __retarget_lock_release_recursive
 *(.glue_7)
 .glue_7        0x0000000008004fa8        0x0 linker stubs
 *(.glue_7t)
 .glue_7t       0x0000000008004fa8        0x0 linker stubs
 *(.eh_frame)
 .eh_frame      0x0000000008004fa8        0x0 c:/st/stm32cubeide_1.8.0/stm32cubeide/plugins/com.st.stm32cube.ide.mcu.externaltools.gnu-tools-for-stm32.10.3-2021.10.win32_1.0.200.202301161003/tools/bin/../lib/gcc/arm-none-eabi/10.3.1/thumb/v7-m/nofp/crtbegin.o
 *(.init)
 .init          0x0000000008004fa8        0x4 c:/st/stm32cubeide_1.8.0/stm32cubeide/plugins/com.st.stm32cube.ide.mcu.externaltools.gnu-tools-for-stm32.10.3-2021.10.win32_1.0.200.202301161003/tools/bin/../lib/gcc/arm-none-eabi/10.3.1/thumb/v7-m/nofp/crti.o
                0x0000000008004fa8                _init
 .init          0x0000000008004fac        0x8 c:/st/stm32cubeide_1.8.0/stm32cubeide/plugins/com.st.stm32cube.ide.mcu.externaltools.gnu-tools-for-stm32.10.3-2021.10.win32_1.0.200.202301161003/tools/bin/../lib/gcc/arm-none-eabi/10.3.1/thumb/v7-m/nofp/crtn.o
 *(.fini)
 .fini          0x0000000008004fb4        0x4 c:/st/stm32cubeide_1.8.0/stm32cubeide/plugins/com.st.stm32cube.ide.mcu.externaltools.gnu-tools-for-stm32.10.3-2021.10.win32_1.0.200.202301161003/tools/bin/../lib/gcc/arm-none-eabi/10.3.1/thumb/v7-m/nofp/crti.o
                0x0000000008004fb4                _fini
 .fini          0x0000000008004fb8        0x8 c:/st/stm32cubeide_1.8.0/stm32cubeide/plugins/com.st.stm32cube.ide.mcu.externaltools.gnu-tools-for-stm32.10.3-2021.10.win32_1.0.200.202301161003/tools/bin/../lib/gcc/arm-none-eabi/10.3.1/thumb/v7-m/nofp/crtn.o
                0x0000000008004fc0                . = ALIGN (0x4)
                0x0000000008004fc0                _etext = .

.vfp11_veneer   0x0000000008004fc0        0x0
 .vfp11_veneer  0x0000000008004fc0        0x0 linker stubs

.v4_bx          0x0000000008004fc0        0x0
 .v4_bx         0x0000000008004fc0        0x0 linker stubs

.iplt           0x0000000008004fc0        0x0
 .iplt          0x0000000008004fc0        0x0 c:/st/stm32cubeide_1.8.0/stm32cubeide/plugins/com.st.stm32cube.ide.mcu.externaltools.gnu-tools-for-stm32.10.3-2021.10.win32_1.0.200.202301161003/tools/bin/../lib/gcc/arm-none-eabi/10.3.1/thumb/v7-m/nofp/crtbegin.o

.rodata         0x0000000008004fc0      0x118
                0x0000000008004fc0                . = ALIGN (0x4)
 *(.rodata)
 .rodata        0x0000000008004fc0       0xbc ./Core/Src/main.o
 .rodata        0x000000000800507c       0x10 ./Drivers/STM32F1xx_HAL_Driver/Src/stm32f1xx_hal_rcc.o
 *(.rodata*)
 .rodata.AHBPrescTable
                0x000000000800508c       0x10 ./Core/Src/system_stm32f1xx.o
                0x000000000800508c                AHBPrescTable
 .rodata.APBPrescTable
                0x000000000800509c        0x8 ./Core/Src/system_stm32f1xx.o
                0x000000000800509c                APBPrescTable
 .rodata._svfprintf_r.str1.1
                0x00000000080050a4       0x11 c:/st/stm32cubeide_1.8.0/stm32cubeide/plugins/com.st.stm32cube.ide.mcu.externaltools.gnu-tools-for-stm32.10.3-2021.10.win32_1.0.200.202301161003/tools/bin/../lib/gcc/arm-none-eabi/10.3.1/../../../../arm-none-eabi/lib/thumb/v7-m/nofp\libc_nano.a(lib_a-nano-svfprintf.o)
 .rodata._printf_i.str1.1
                0x00000000080050b5       0x22 c:/st/stm32cubeide_1.8.0/stm32cubeide/plugins/com.st.stm32cube.ide.mcu.externaltools.gnu-tools-for-stm32.10.3-2021.10.win32_1.0.200.202301161003/tools/bin/../lib/gcc/arm-none-eabi/10.3.1/../../../../arm-none-eabi/lib/thumb/v7-m/nofp\libc_nano.a(lib_a-nano-vfprintf_i.o)
                0x00000000080050d8                . = ALIGN (0x4)
 *fill*         0x00000000080050d7        0x1 

.rel.dyn        0x00000000080050d8        0x0
 .rel.iplt      0x00000000080050d8        0x0 c:/st/stm32cubeide_1.8.0/stm32cubeide/plugins/com.st.stm32cube.ide.mcu.externaltools.gnu-tools-for-stm32.10.3-2021.10.win32_1.0.200.202301161003/tools/bin/../lib/gcc/arm-none-eabi/10.3.1/thumb/v7-m/nofp/crtbegin.o

.ARM.extab      0x00000000080050d8        0x0
                0x00000000080050d8                . = ALIGN (0x4)
 *(.ARM.extab* .gnu.linkonce.armextab.*)
                0x00000000080050d8                . = ALIGN (0x4)

.ARM            0x00000000080050d8        0x0
                0x00000000080050d8                . = ALIGN (0x4)
                0x00000000080050d8                __exidx_start = .
 *(.ARM.exidx*)
                0x00000000080050d8                __exidx_end = .
                0x00000000080050d8                . = ALIGN (0x4)

.preinit_array  0x00000000080050d8        0x0
                0x00000000080050d8                . = ALIGN (0x4)
                0x00000000080050d8                PROVIDE (__preinit_array_start = .)
 *(.preinit_array*)
                0x00000000080050d8                PROVIDE (__preinit_array_end = .)
                0x00000000080050d8                . = ALIGN (0x4)

.init_array     0x00000000080050d8        0x4
                0x00000000080050d8                . = ALIGN (0x4)
                0x00000000080050d8                PROVIDE (__init_array_start = .)
 *(SORT_BY_NAME(.init_array.*))
 *(.init_array*)
 .init_array    0x00000000080050d8        0x4 c:/st/stm32cubeide_1.8.0/stm32cubeide/plugins/com.st.stm32cube.ide.mcu.externaltools.gnu-tools-for-stm32.10.3-2021.10.win32_1.0.200.202301161003/tools/bin/../lib/gcc/arm-none-eabi/10.3.1/thumb/v7-m/nofp/crtbegin.o
                0x00000000080050dc                PROVIDE (__init_array_end = .)
                0x00000000080050dc                . = ALIGN (0x4)

.fini_array     0x00000000080050dc        0x4
                0x00000000080050dc                . = ALIGN (0x4)
                [!provide]                        PROVIDE (__fini_array_start = .)
 *(SORT_BY_NAME(.fini_array.*))
 *(.fini_array*)
 .fini_array    0x00000000080050dc        0x4 c:/st/stm32cubeide_1.8.0/stm32cubeide/plugins/com.st.stm32cube.ide.mcu.externaltools.gnu-tools-for-stm32.10.3-2021.10.win32_1.0.200.202301161003/tools/bin/../lib/gcc/arm-none-eabi/10.3.1/thumb/v7-m/nofp/crtbegin.o
                [!provide]                        PROVIDE (__fini_array_end = .)
                0x00000000080050e0                . = ALIGN (0x4)
                0x00000000080050e0                _sidata = LOADADDR (.data)

.data           0x0000000020000000       0x78 load address 0x00000000080050e0
                0x0000000020000000                . = ALIGN (0x4)
                0x0000000020000000                _sdata = .
 *(.data)
 *(.data*)
 .data.memID    0x0000000020000000        0x8 ./Core/Src/main.o
                0x0000000020000000                memID
 .data.SystemCoreClock
                0x0000000020000008        0x4 ./Core/Src/system_stm32f1xx.o
                0x0000000020000008                SystemCoreClock
 .data.uwTickPrio
                0x000000002000000c        0x4 ./Drivers/STM32F1xx_HAL_Driver/Src/stm32f1xx_hal.o
                0x000000002000000c                uwTickPrio
 .data.uwTickFreq
                0x0000000020000010        0x1 ./Drivers/STM32F1xx_HAL_Driver/Src/stm32f1xx_hal.o
                0x0000000020000010                uwTickFreq
 *fill*         0x0000000020000011        0x3 
 .data._impure_ptr
                0x0000000020000014        0x4 c:/st/stm32cubeide_1.8.0/stm32cubeide/plugins/com.st.stm32cube.ide.mcu.externaltools.gnu-tools-for-stm32.10.3-2021.10.win32_1.0.200.202301161003/tools/bin/../lib/gcc/arm-none-eabi/10.3.1/../../../../arm-none-eabi/lib/thumb/v7-m/nofp\libc_nano.a(lib_a-impure.o)
                0x0000000020000014                _impure_ptr
 .data.impure_data
                0x0000000020000018       0x60 c:/st/stm32cubeide_1.8.0/stm32cubeide/plugins/com.st.stm32cube.ide.mcu.externaltools.gnu-tools-for-stm32.10.3-2021.10.win32_1.0.200.202301161003/tools/bin/../lib/gcc/arm-none-eabi/10.3.1/../../../../arm-none-eabi/lib/thumb/v7-m/nofp\libc_nano.a(lib_a-impure.o)
 *(.RamFunc)
 *(.RamFunc*)
                0x0000000020000078                . = ALIGN (0x4)
                0x0000000020000078                _edata = .

.igot.plt       0x0000000020000078        0x0 load address 0x0000000008005158
 .igot.plt      0x0000000020000078        0x0 c:/st/stm32cubeide_1.8.0/stm32cubeide/plugins/com.st.stm32cube.ide.mcu.externaltools.gnu-tools-for-stm32.10.3-2021.10.win32_1.0.200.202301161003/tools/bin/../lib/gcc/arm-none-eabi/10.3.1/thumb/v7-m/nofp/crtbegin.o
                0x0000000020000078                . = ALIGN (0x4)

.bss            0x0000000020000078      0x314 load address 0x0000000008005158
                0x0000000020000078                _sbss = .
                0x0000000020000078                __bss_start__ = _sbss
 *(.bss)
 .bss           0x0000000020000078       0x1c c:/st/stm32cubeide_1.8.0/stm32cubeide/plugins/com.st.stm32cube.ide.mcu.externaltools.gnu-tools-for-stm32.10.3-2021.10.win32_1.0.200.202301161003/tools/bin/../lib/gcc/arm-none-eabi/10.3.1/thumb/v7-m/nofp/crtbegin.o
 *(.bss*)
 .bss.hi2c1     0x0000000020000094       0x54 ./Core/Src/i2c.o
                0x0000000020000094                hi2c1
 .bss.stt_in_out
                0x00000000200000e8        0x1 ./Core/Src/main.o
                0x00000000200000e8                stt_in_out
 .bss.i         0x00000000200000e9        0x1 ./Core/Src/main.o
                0x00000000200000e9                i
 .bss.j         0x00000000200000ea        0x1 ./Core/Src/main.o
                0x00000000200000ea                j
 .bss.b         0x00000000200000eb        0x1 ./Core/Src/main.o
                0x00000000200000eb                b
 .bss.q         0x00000000200000ec        0x1 ./Core/Src/main.o
                0x00000000200000ec                q
 .bss.en        0x00000000200000ed        0x1 ./Core/Src/main.o
                0x00000000200000ed                en
 .bss.ok        0x00000000200000ee        0x1 ./Core/Src/main.o
                0x00000000200000ee                ok
 *fill*         0x00000000200000ef        0x1 
 .bss.txBuffer  0x00000000200000f0        0x8 ./Core/Src/main.o
                0x00000000200000f0                txBuffer
 .bss.retstr    0x00000000200000f8        0xa ./Core/Src/main.o
                0x00000000200000f8                retstr
 *fill*         0x0000000020000102        0x2 
 .bss.lastID    0x0000000020000104        0x4 ./Core/Src/main.o
                0x0000000020000104                lastID
 .bss.str       0x0000000020000108       0x10 ./Core/Src/main.o
                0x0000000020000108                str
 .bss.uart_data_rec
                0x0000000020000118       0x64 ./Core/Src/main.o
                0x0000000020000118                uart_data_rec
 .bss.uart_char_rec
                0x000000002000017c        0x1 ./Core/Src/main.o
                0x000000002000017c                uart_char_rec
 *fill*         0x000000002000017d        0x3 
 .bss.uart_count_char
                0x0000000020000180        0x4 ./Core/Src/main.o
                0x0000000020000180                uart_count_char
 .bss.uart_done_frame
                0x0000000020000184        0x1 ./Core/Src/main.o
                0x0000000020000184                uart_done_frame
 *fill*         0x0000000020000185        0x3 
 .bss.count_led
                0x0000000020000188        0x4 ./Core/Src/main.o
                0x0000000020000188                count_led
 .bss.count_fix
                0x000000002000018c        0x1 ./Core/Src/main.o
                0x000000002000018c                count_fix
 *fill*         0x000000002000018d        0x3 
 .bss.buffer.0  0x0000000020000190      0x100 ./Core/Src/main.o
 .bss.hspi1     0x0000000020000290       0x58 ./Core/Src/spi.o
                0x0000000020000290                hspi1
 .bss.__sbrk_heap_end
                0x00000000200002e8        0x4 ./Core/Src/sysmem.o
 .bss.htim2     0x00000000200002ec       0x48 ./Core/Src/tim.o
                0x00000000200002ec                htim2
 .bss.huart1    0x0000000020000334       0x44 ./Core/Src/usart.o
                0x0000000020000334                huart1
 .bss.uwTick    0x0000000020000378        0x4 ./Drivers/STM32F1xx_HAL_Driver/Src/stm32f1xx_hal.o
                0x0000000020000378                uwTick
 .bss.__malloc_free_list
                0x000000002000037c        0x4 c:/st/stm32cubeide_1.8.0/stm32cubeide/plugins/com.st.stm32cube.ide.mcu.externaltools.gnu-tools-for-stm32.10.3-2021.10.win32_1.0.200.202301161003/tools/bin/../lib/gcc/arm-none-eabi/10.3.1/../../../../arm-none-eabi/lib/thumb/v7-m/nofp\libc_nano.a(lib_a-nano-mallocr.o)
                0x000000002000037c                __malloc_free_list
 .bss.__malloc_sbrk_start
                0x0000000020000380        0x4 c:/st/stm32cubeide_1.8.0/stm32cubeide/plugins/com.st.stm32cube.ide.mcu.externaltools.gnu-tools-for-stm32.10.3-2021.10.win32_1.0.200.202301161003/tools/bin/../lib/gcc/arm-none-eabi/10.3.1/../../../../arm-none-eabi/lib/thumb/v7-m/nofp\libc_nano.a(lib_a-nano-mallocr.o)
                0x0000000020000380                __malloc_sbrk_start
 .bss.errno     0x0000000020000384        0x4 c:/st/stm32cubeide_1.8.0/stm32cubeide/plugins/com.st.stm32cube.ide.mcu.externaltools.gnu-tools-for-stm32.10.3-2021.10.win32_1.0.200.202301161003/tools/bin/../lib/gcc/arm-none-eabi/10.3.1/../../../../arm-none-eabi/lib/thumb/v7-m/nofp\libc_nano.a(lib_a-reent.o)
                0x0000000020000384                errno
 .bss.__lock___malloc_recursive_mutex
                0x0000000020000388        0x1 c:/st/stm32cubeide_1.8.0/stm32cubeide/plugins/com.st.stm32cube.ide.mcu.externaltools.gnu-tools-for-stm32.10.3-2021.10.win32_1.0.200.202301161003/tools/bin/../lib/gcc/arm-none-eabi/10.3.1/../../../../arm-none-eabi/lib/thumb/v7-m/nofp\libc_nano.a(lib_a-lock.o)
                0x0000000020000388                __lock___malloc_recursive_mutex
 *(COMMON)
                0x000000002000038c                . = ALIGN (0x4)
 *fill*         0x0000000020000389        0x3 
                0x000000002000038c                _ebss = .
                0x000000002000038c                __bss_end__ = _ebss

._user_heap_stack
                0x000000002000038c      0x604 load address 0x0000000008005158
                0x0000000020000390                . = ALIGN (0x8)
 *fill*         0x000000002000038c        0x4 
                [!provide]                        PROVIDE (end = .)
                0x0000000020000390                PROVIDE (_end = .)
                0x0000000020000590                . = (. + _Min_Heap_Size)
 *fill*         0x0000000020000390      0x200 
                0x0000000020000990                . = (. + _Min_Stack_Size)
 *fill*         0x0000000020000590      0x400 
                0x0000000020000990                . = ALIGN (0x8)

/DISCARD/
 libc.a(*)
 libm.a(*)
 libgcc.a(*)

.ARM.attributes
                0x0000000000000000       0x29
 *(.ARM.attributes)
 .ARM.attributes
                0x0000000000000000       0x1d c:/st/stm32cubeide_1.8.0/stm32cubeide/plugins/com.st.stm32cube.ide.mcu.externaltools.gnu-tools-for-stm32.10.3-2021.10.win32_1.0.200.202301161003/tools/bin/../lib/gcc/arm-none-eabi/10.3.1/thumb/v7-m/nofp/crti.o
 .ARM.attributes
                0x000000000000001d       0x2d c:/st/stm32cubeide_1.8.0/stm32cubeide/plugins/com.st.stm32cube.ide.mcu.externaltools.gnu-tools-for-stm32.10.3-2021.10.win32_1.0.200.202301161003/tools/bin/../lib/gcc/arm-none-eabi/10.3.1/thumb/v7-m/nofp/crtbegin.o
 .ARM.attributes
                0x000000000000004a       0x2d ./Core/Src/gpio.o
 .ARM.attributes
                0x0000000000000077       0x2d ./Core/Src/i2c.o
 .ARM.attributes
                0x00000000000000a4       0x2d ./Core/Src/lcd_i2c.o
 .ARM.attributes
                0x00000000000000d1       0x2d ./Core/Src/main.o
 .ARM.attributes
                0x00000000000000fe       0x2d ./Core/Src/mfrc522.o
 .ARM.attributes
                0x000000000000012b       0x2d ./Core/Src/spi.o
 .ARM.attributes
                0x0000000000000158       0x2d ./Core/Src/stm32f1xx_hal_msp.o
 .ARM.attributes
                0x0000000000000185       0x2d ./Core/Src/stm32f1xx_it.o
 .ARM.attributes
                0x00000000000001b2       0x2d ./Core/Src/sysmem.o
 .ARM.attributes
                0x00000000000001df       0x2d ./Core/Src/system_stm32f1xx.o
 .ARM.attributes
                0x000000000000020c       0x2d ./Core/Src/tim.o
 .ARM.attributes
                0x0000000000000239       0x2d ./Core/Src/usart.o
 .ARM.attributes
                0x0000000000000266       0x21 ./Core/Startup/startup_stm32f103c8tx.o
 .ARM.attributes
                0x0000000000000287       0x2d ./Drivers/STM32F1xx_HAL_Driver/Src/stm32f1xx_hal.o
 .ARM.attributes
                0x00000000000002b4       0x2d ./Drivers/STM32F1xx_HAL_Driver/Src/stm32f1xx_hal_cortex.o
 .ARM.attributes
                0x00000000000002e1       0x2d ./Drivers/STM32F1xx_HAL_Driver/Src/stm32f1xx_hal_dma.o
 .ARM.attributes
                0x000000000000030e       0x2d ./Drivers/STM32F1xx_HAL_Driver/Src/stm32f1xx_hal_gpio.o
 .ARM.attributes
                0x000000000000033b       0x2d ./Drivers/STM32F1xx_HAL_Driver/Src/stm32f1xx_hal_i2c.o
 .ARM.attributes
                0x0000000000000368       0x2d ./Drivers/STM32F1xx_HAL_Driver/Src/stm32f1xx_hal_rcc.o
 .ARM.attributes
                0x0000000000000395       0x2d ./Drivers/STM32F1xx_HAL_Driver/Src/stm32f1xx_hal_spi.o
 .ARM.attributes
                0x00000000000003c2       0x2d ./Drivers/STM32F1xx_HAL_Driver/Src/stm32f1xx_hal_tim.o
 .ARM.attributes
                0x00000000000003ef       0x2d ./Drivers/STM32F1xx_HAL_Driver/Src/stm32f1xx_hal_tim_ex.o
 .ARM.attributes
                0x000000000000041c       0x2d ./Drivers/STM32F1xx_HAL_Driver/Src/stm32f1xx_hal_uart.o
 .ARM.attributes
                0x0000000000000449       0x2d c:/st/stm32cubeide_1.8.0/stm32cubeide/plugins/com.st.stm32cube.ide.mcu.externaltools.gnu-tools-for-stm32.10.3-2021.10.win32_1.0.200.202301161003/tools/bin/../lib/gcc/arm-none-eabi/10.3.1/../../../../arm-none-eabi/lib/thumb/v7-m/nofp\libc_nano.a(lib_a-errno.o)
 .ARM.attributes
                0x0000000000000476       0x2d c:/st/stm32cubeide_1.8.0/stm32cubeide/plugins/com.st.stm32cube.ide.mcu.externaltools.gnu-tools-for-stm32.10.3-2021.10.win32_1.0.200.202301161003/tools/bin/../lib/gcc/arm-none-eabi/10.3.1/../../../../arm-none-eabi/lib/thumb/v7-m/nofp\libc_nano.a(lib_a-impure.o)
 .ARM.attributes
                0x00000000000004a3       0x2d c:/st/stm32cubeide_1.8.0/stm32cubeide/plugins/com.st.stm32cube.ide.mcu.externaltools.gnu-tools-for-stm32.10.3-2021.10.win32_1.0.200.202301161003/tools/bin/../lib/gcc/arm-none-eabi/10.3.1/../../../../arm-none-eabi/lib/thumb/v7-m/nofp\libc_nano.a(lib_a-init.o)
 .ARM.attributes
                0x00000000000004d0       0x2d c:/st/stm32cubeide_1.8.0/stm32cubeide/plugins/com.st.stm32cube.ide.mcu.externaltools.gnu-tools-for-stm32.10.3-2021.10.win32_1.0.200.202301161003/tools/bin/../lib/gcc/arm-none-eabi/10.3.1/../../../../arm-none-eabi/lib/thumb/v7-m/nofp\libc_nano.a(lib_a-memset.o)
 .ARM.attributes
                0x00000000000004fd       0x2d c:/st/stm32cubeide_1.8.0/stm32cubeide/plugins/com.st.stm32cube.ide.mcu.externaltools.gnu-tools-for-stm32.10.3-2021.10.win32_1.0.200.202301161003/tools/bin/../lib/gcc/arm-none-eabi/10.3.1/../../../../arm-none-eabi/lib/thumb/v7-m/nofp\libc_nano.a(lib_a-sprintf.o)
 .ARM.attributes
                0x000000000000052a       0x17 c:/st/stm32cubeide_1.8.0/stm32cubeide/plugins/com.st.stm32cube.ide.mcu.externaltools.gnu-tools-for-stm32.10.3-2021.10.win32_1.0.200.202301161003/tools/bin/../lib/gcc/arm-none-eabi/10.3.1/../../../../arm-none-eabi/lib/thumb/v7-m/nofp\libc_nano.a(lib_a-strlen.o)
 .ARM.attributes
                0x0000000000000541       0x2d c:/st/stm32cubeide_1.8.0/stm32cubeide/plugins/com.st.stm32cube.ide.mcu.externaltools.gnu-tools-for-stm32.10.3-2021.10.win32_1.0.200.202301161003/tools/bin/../lib/gcc/arm-none-eabi/10.3.1/../../../../arm-none-eabi/lib/thumb/v7-m/nofp\libc_nano.a(lib_a-vsnprintf.o)
 .ARM.attributes
                0x000000000000056e       0x2d c:/st/stm32cubeide_1.8.0/stm32cubeide/plugins/com.st.stm32cube.ide.mcu.externaltools.gnu-tools-for-stm32.10.3-2021.10.win32_1.0.200.202301161003/tools/bin/../lib/gcc/arm-none-eabi/10.3.1/../../../../arm-none-eabi/lib/thumb/v7-m/nofp\libc_nano.a(lib_a-nano-svfprintf.o)
 .ARM.attributes
                0x000000000000059b       0x2d c:/st/stm32cubeide_1.8.0/stm32cubeide/plugins/com.st.stm32cube.ide.mcu.externaltools.gnu-tools-for-stm32.10.3-2021.10.win32_1.0.200.202301161003/tools/bin/../lib/gcc/arm-none-eabi/10.3.1/../../../../arm-none-eabi/lib/thumb/v7-m/nofp\libc_nano.a(lib_a-nano-vfprintf_i.o)
 .ARM.attributes
                0x00000000000005c8       0x2d c:/st/stm32cubeide_1.8.0/stm32cubeide/plugins/com.st.stm32cube.ide.mcu.externaltools.gnu-tools-for-stm32.10.3-2021.10.win32_1.0.200.202301161003/tools/bin/../lib/gcc/arm-none-eabi/10.3.1/../../../../arm-none-eabi/lib/thumb/v7-m/nofp\libc_nano.a(lib_a-memchr-stub.o)
 .ARM.attributes
                0x00000000000005f5       0x2d c:/st/stm32cubeide_1.8.0/stm32cubeide/plugins/com.st.stm32cube.ide.mcu.externaltools.gnu-tools-for-stm32.10.3-2021.10.win32_1.0.200.202301161003/tools/bin/../lib/gcc/arm-none-eabi/10.3.1/../../../../arm-none-eabi/lib/thumb/v7-m/nofp\libc_nano.a(lib_a-memcpy-stub.o)
 .ARM.attributes
                0x0000000000000622       0x2d c:/st/stm32cubeide_1.8.0/stm32cubeide/plugins/com.st.stm32cube.ide.mcu.externaltools.gnu-tools-for-stm32.10.3-2021.10.win32_1.0.200.202301161003/tools/bin/../lib/gcc/arm-none-eabi/10.3.1/../../../../arm-none-eabi/lib/thumb/v7-m/nofp\libc_nano.a(lib_a-memmove.o)
 .ARM.attributes
                0x000000000000064f       0x2d c:/st/stm32cubeide_1.8.0/stm32cubeide/plugins/com.st.stm32cube.ide.mcu.externaltools.gnu-tools-for-stm32.10.3-2021.10.win32_1.0.200.202301161003/tools/bin/../lib/gcc/arm-none-eabi/10.3.1/../../../../arm-none-eabi/lib/thumb/v7-m/nofp\libc_nano.a(lib_a-nano-freer.o)
 .ARM.attributes
                0x000000000000067c       0x2d c:/st/stm32cubeide_1.8.0/stm32cubeide/plugins/com.st.stm32cube.ide.mcu.externaltools.gnu-tools-for-stm32.10.3-2021.10.win32_1.0.200.202301161003/tools/bin/../lib/gcc/arm-none-eabi/10.3.1/../../../../arm-none-eabi/lib/thumb/v7-m/nofp\libc_nano.a(lib_a-nano-mallocr.o)
 .ARM.attributes
                0x00000000000006a9       0x2d c:/st/stm32cubeide_1.8.0/stm32cubeide/plugins/com.st.stm32cube.ide.mcu.externaltools.gnu-tools-for-stm32.10.3-2021.10.win32_1.0.200.202301161003/tools/bin/../lib/gcc/arm-none-eabi/10.3.1/../../../../arm-none-eabi/lib/thumb/v7-m/nofp\libc_nano.a(lib_a-nano-reallocr.o)
 .ARM.attributes
                0x00000000000006d6       0x2d c:/st/stm32cubeide_1.8.0/stm32cubeide/plugins/com.st.stm32cube.ide.mcu.externaltools.gnu-tools-for-stm32.10.3-2021.10.win32_1.0.200.202301161003/tools/bin/../lib/gcc/arm-none-eabi/10.3.1/../../../../arm-none-eabi/lib/thumb/v7-m/nofp\libc_nano.a(lib_a-sbrkr.o)
 .ARM.attributes
                0x0000000000000703       0x2d c:/st/stm32cubeide_1.8.0/stm32cubeide/plugins/com.st.stm32cube.ide.mcu.externaltools.gnu-tools-for-stm32.10.3-2021.10.win32_1.0.200.202301161003/tools/bin/../lib/gcc/arm-none-eabi/10.3.1/../../../../arm-none-eabi/lib/thumb/v7-m/nofp\libc_nano.a(lib_a-mlock.o)
 .ARM.attributes
                0x0000000000000730       0x2d c:/st/stm32cubeide_1.8.0/stm32cubeide/plugins/com.st.stm32cube.ide.mcu.externaltools.gnu-tools-for-stm32.10.3-2021.10.win32_1.0.200.202301161003/tools/bin/../lib/gcc/arm-none-eabi/10.3.1/../../../../arm-none-eabi/lib/thumb/v7-m/nofp\libc_nano.a(lib_a-nano-msizer.o)
 .ARM.attributes
                0x000000000000075d       0x2d c:/st/stm32cubeide_1.8.0/stm32cubeide/plugins/com.st.stm32cube.ide.mcu.externaltools.gnu-tools-for-stm32.10.3-2021.10.win32_1.0.200.202301161003/tools/bin/../lib/gcc/arm-none-eabi/10.3.1/../../../../arm-none-eabi/lib/thumb/v7-m/nofp\libc_nano.a(lib_a-reent.o)
 .ARM.attributes
                0x000000000000078a       0x2d c:/st/stm32cubeide_1.8.0/stm32cubeide/plugins/com.st.stm32cube.ide.mcu.externaltools.gnu-tools-for-stm32.10.3-2021.10.win32_1.0.200.202301161003/tools/bin/../lib/gcc/arm-none-eabi/10.3.1/../../../../arm-none-eabi/lib/thumb/v7-m/nofp\libc_nano.a(lib_a-lock.o)
 .ARM.attributes
                0x00000000000007b7       0x1d c:/st/stm32cubeide_1.8.0/stm32cubeide/plugins/com.st.stm32cube.ide.mcu.externaltools.gnu-tools-for-stm32.10.3-2021.10.win32_1.0.200.202301161003/tools/bin/../lib/gcc/arm-none-eabi/10.3.1/thumb/v7-m/nofp/crtn.o
OUTPUT(bai_do_xe.elf elf32-littlearm)
LOAD linker stubs
LOAD c:/st/stm32cubeide_1.8.0/stm32cubeide/plugins/com.st.stm32cube.ide.mcu.externaltools.gnu-tools-for-stm32.10.3-2021.10.win32_1.0.200.202301161003/tools/bin/../lib/gcc/arm-none-eabi/10.3.1/../../../../arm-none-eabi/lib/thumb/v7-m/nofp\libc.a
LOAD c:/st/stm32cubeide_1.8.0/stm32cubeide/plugins/com.st.stm32cube.ide.mcu.externaltools.gnu-tools-for-stm32.10.3-2021.10.win32_1.0.200.202301161003/tools/bin/../lib/gcc/arm-none-eabi/10.3.1/../../../../arm-none-eabi/lib/thumb/v7-m/nofp\libm.a
LOAD c:/st/stm32cubeide_1.8.0/stm32cubeide/plugins/com.st.stm32cube.ide.mcu.externaltools.gnu-tools-for-stm32.10.3-2021.10.win32_1.0.200.202301161003/tools/bin/../lib/gcc/arm-none-eabi/10.3.1/thumb/v7-m/nofp\libgcc.a

.debug_info     0x0000000000000000    0x1141a
 .debug_info    0x0000000000000000      0x2ee ./Core/Src/gpio.o
 .debug_info    0x00000000000002ee      0x8eb ./Core/Src/i2c.o
 .debug_info    0x0000000000000bd9      0x7fd ./Core/Src/lcd_i2c.o
 .debug_info    0x00000000000013d6     0x1291 ./Core/Src/main.o
 .debug_info    0x0000000000002667      0xd56 ./Core/Src/mfrc522.o
 .debug_info    0x00000000000033bd      0x82a ./Core/Src/spi.o
 .debug_info    0x0000000000003be7      0x210 ./Core/Src/stm32f1xx_hal_msp.o
 .debug_info    0x0000000000003df7      0x60e ./Core/Src/stm32f1xx_it.o
 .debug_info    0x0000000000004405      0x171 ./Core/Src/sysmem.o
 .debug_info    0x0000000000004576      0x23d ./Core/Src/system_stm32f1xx.o
 .debug_info    0x00000000000047b3      0x870 ./Core/Src/tim.o
 .debug_info    0x0000000000005023      0x978 ./Core/Src/usart.o
 .debug_info    0x000000000000599b       0x22 ./Core/Startup/startup_stm32f103c8tx.o
 .debug_info    0x00000000000059bd      0x734 ./Drivers/STM32F1xx_HAL_Driver/Src/stm32f1xx_hal.o
 .debug_info    0x00000000000060f1      0xb20 ./Drivers/STM32F1xx_HAL_Driver/Src/stm32f1xx_hal_cortex.o
 .debug_info    0x0000000000006c11      0x73f ./Drivers/STM32F1xx_HAL_Driver/Src/stm32f1xx_hal_dma.o
 .debug_info    0x0000000000007350      0x615 ./Drivers/STM32F1xx_HAL_Driver/Src/stm32f1xx_hal_gpio.o
 .debug_info    0x0000000000007965     0x2734 ./Drivers/STM32F1xx_HAL_Driver/Src/stm32f1xx_hal_i2c.o
 .debug_info    0x000000000000a099      0x860 ./Drivers/STM32F1xx_HAL_Driver/Src/stm32f1xx_hal_rcc.o
 .debug_info    0x000000000000a8f9     0x1658 ./Drivers/STM32F1xx_HAL_Driver/Src/stm32f1xx_hal_spi.o
 .debug_info    0x000000000000bf51     0x29de ./Drivers/STM32F1xx_HAL_Driver/Src/stm32f1xx_hal_tim.o
 .debug_info    0x000000000000e92f     0x1513 ./Drivers/STM32F1xx_HAL_Driver/Src/stm32f1xx_hal_tim_ex.o
 .debug_info    0x000000000000fe42     0x15d8 ./Drivers/STM32F1xx_HAL_Driver/Src/stm32f1xx_hal_uart.o

.debug_abbrev   0x0000000000000000     0x2be7
 .debug_abbrev  0x0000000000000000      0x134 ./Core/Src/gpio.o
 .debug_abbrev  0x0000000000000134      0x1e0 ./Core/Src/i2c.o
 .debug_abbrev  0x0000000000000314      0x1c4 ./Core/Src/lcd_i2c.o
 .debug_abbrev  0x00000000000004d8      0x34c ./Core/Src/main.o
 .debug_abbrev  0x0000000000000824      0x27c ./Core/Src/mfrc522.o
 .debug_abbrev  0x0000000000000aa0      0x1ce ./Core/Src/spi.o
 .debug_abbrev  0x0000000000000c6e       0xd4 ./Core/Src/stm32f1xx_hal_msp.o
 .debug_abbrev  0x0000000000000d42      0x15f ./Core/Src/stm32f1xx_it.o
 .debug_abbrev  0x0000000000000ea1       0xbb ./Core/Src/sysmem.o
 .debug_abbrev  0x0000000000000f5c      0x13b ./Core/Src/system_stm32f1xx.o
 .debug_abbrev  0x0000000000001097      0x1d9 ./Core/Src/tim.o
 .debug_abbrev  0x0000000000001270      0x1ec ./Core/Src/usart.o
 .debug_abbrev  0x000000000000145c       0x12 ./Core/Startup/startup_stm32f103c8tx.o
 .debug_abbrev  0x000000000000146e      0x1fb ./Drivers/STM32F1xx_HAL_Driver/Src/stm32f1xx_hal.o
 .debug_abbrev  0x0000000000001669      0x2ed ./Drivers/STM32F1xx_HAL_Driver/Src/stm32f1xx_hal_cortex.o
 .debug_abbrev  0x0000000000001956      0x1fe ./Drivers/STM32F1xx_HAL_Driver/Src/stm32f1xx_hal_dma.o
 .debug_abbrev  0x0000000000001b54      0x1bb ./Drivers/STM32F1xx_HAL_Driver/Src/stm32f1xx_hal_gpio.o
 .debug_abbrev  0x0000000000001d0f      0x288 ./Drivers/STM32F1xx_HAL_Driver/Src/stm32f1xx_hal_i2c.o
 .debug_abbrev  0x0000000000001f97      0x2a8 ./Drivers/STM32F1xx_HAL_Driver/Src/stm32f1xx_hal_rcc.o
 .debug_abbrev  0x000000000000223f      0x26e ./Drivers/STM32F1xx_HAL_Driver/Src/stm32f1xx_hal_spi.o
 .debug_abbrev  0x00000000000024ad      0x25d ./Drivers/STM32F1xx_HAL_Driver/Src/stm32f1xx_hal_tim.o
 .debug_abbrev  0x000000000000270a      0x265 ./Drivers/STM32F1xx_HAL_Driver/Src/stm32f1xx_hal_tim_ex.o
 .debug_abbrev  0x000000000000296f      0x278 ./Drivers/STM32F1xx_HAL_Driver/Src/stm32f1xx_hal_uart.o

.debug_aranges  0x0000000000000000     0x1258
 .debug_aranges
                0x0000000000000000       0x20 ./Core/Src/gpio.o
 .debug_aranges
                0x0000000000000020       0x30 ./Core/Src/i2c.o
 .debug_aranges
                0x0000000000000050       0x58 ./Core/Src/lcd_i2c.o
 .debug_aranges
                0x00000000000000a8       0x70 ./Core/Src/main.o
 .debug_aranges
                0x0000000000000118       0xc8 ./Core/Src/mfrc522.o
 .debug_aranges
                0x00000000000001e0       0x30 ./Core/Src/spi.o
 .debug_aranges
                0x0000000000000210       0x20 ./Core/Src/stm32f1xx_hal_msp.o
 .debug_aranges
                0x0000000000000230       0x68 ./Core/Src/stm32f1xx_it.o
 .debug_aranges
                0x0000000000000298       0x20 ./Core/Src/sysmem.o
 .debug_aranges
                0x00000000000002b8       0x28 ./Core/Src/system_stm32f1xx.o
 .debug_aranges
                0x00000000000002e0       0x30 ./Core/Src/tim.o
 .debug_aranges
                0x0000000000000310       0x30 ./Core/Src/usart.o
 .debug_aranges
                0x0000000000000340       0x28 ./Core/Startup/startup_stm32f103c8tx.o
 .debug_aranges
                0x0000000000000368       0xe0 ./Drivers/STM32F1xx_HAL_Driver/Src/stm32f1xx_hal.o
 .debug_aranges
                0x0000000000000448      0x100 ./Drivers/STM32F1xx_HAL_Driver/Src/stm32f1xx_hal_cortex.o
 .debug_aranges
                0x0000000000000548       0x80 ./Drivers/STM32F1xx_HAL_Driver/Src/stm32f1xx_hal_dma.o
 .debug_aranges
                0x00000000000005c8       0x58 ./Drivers/STM32F1xx_HAL_Driver/Src/stm32f1xx_hal_gpio.o
 .debug_aranges
                0x0000000000000620      0x2a0 ./Drivers/STM32F1xx_HAL_Driver/Src/stm32f1xx_hal_i2c.o
 .debug_aranges
                0x00000000000008c0       0x90 ./Drivers/STM32F1xx_HAL_Driver/Src/stm32f1xx_hal_rcc.o
 .debug_aranges
                0x0000000000000950      0x1d0 ./Drivers/STM32F1xx_HAL_Driver/Src/stm32f1xx_hal_spi.o
 .debug_aranges
                0x0000000000000b20      0x3d0 ./Drivers/STM32F1xx_HAL_Driver/Src/stm32f1xx_hal_tim.o
 .debug_aranges
                0x0000000000000ef0      0x168 ./Drivers/STM32F1xx_HAL_Driver/Src/stm32f1xx_hal_tim_ex.o
 .debug_aranges
                0x0000000000001058      0x200 ./Drivers/STM32F1xx_HAL_Driver/Src/stm32f1xx_hal_uart.o

.debug_ranges   0x0000000000000000     0x1148
 .debug_ranges  0x0000000000000000       0x10 ./Core/Src/gpio.o
 .debug_ranges  0x0000000000000010       0x20 ./Core/Src/i2c.o
 .debug_ranges  0x0000000000000030       0x48 ./Core/Src/lcd_i2c.o
 .debug_ranges  0x0000000000000078       0x60 ./Core/Src/main.o
 .debug_ranges  0x00000000000000d8       0xb8 ./Core/Src/mfrc522.o
 .debug_ranges  0x0000000000000190       0x20 ./Core/Src/spi.o
 .debug_ranges  0x00000000000001b0       0x10 ./Core/Src/stm32f1xx_hal_msp.o
 .debug_ranges  0x00000000000001c0       0x58 ./Core/Src/stm32f1xx_it.o
 .debug_ranges  0x0000000000000218       0x10 ./Core/Src/sysmem.o
 .debug_ranges  0x0000000000000228       0x18 ./Core/Src/system_stm32f1xx.o
 .debug_ranges  0x0000000000000240       0x20 ./Core/Src/tim.o
 .debug_ranges  0x0000000000000260       0x20 ./Core/Src/usart.o
 .debug_ranges  0x0000000000000280       0x20 ./Core/Startup/startup_stm32f103c8tx.o
 .debug_ranges  0x00000000000002a0       0xd0 ./Drivers/STM32F1xx_HAL_Driver/Src/stm32f1xx_hal.o
 .debug_ranges  0x0000000000000370       0xf0 ./Drivers/STM32F1xx_HAL_Driver/Src/stm32f1xx_hal_cortex.o
 .debug_ranges  0x0000000000000460       0x70 ./Drivers/STM32F1xx_HAL_Driver/Src/stm32f1xx_hal_dma.o
 .debug_ranges  0x00000000000004d0       0x48 ./Drivers/STM32F1xx_HAL_Driver/Src/stm32f1xx_hal_gpio.o
 .debug_ranges  0x0000000000000518      0x2b8 ./Drivers/STM32F1xx_HAL_Driver/Src/stm32f1xx_hal_i2c.o
 .debug_ranges  0x00000000000007d0       0x80 ./Drivers/STM32F1xx_HAL_Driver/Src/stm32f1xx_hal_rcc.o
 .debug_ranges  0x0000000000000850      0x1c0 ./Drivers/STM32F1xx_HAL_Driver/Src/stm32f1xx_hal_spi.o
 .debug_ranges  0x0000000000000a10      0x3c0 ./Drivers/STM32F1xx_HAL_Driver/Src/stm32f1xx_hal_tim.o
 .debug_ranges  0x0000000000000dd0      0x158 ./Drivers/STM32F1xx_HAL_Driver/Src/stm32f1xx_hal_tim_ex.o
 .debug_ranges  0x0000000000000f28      0x220 ./Drivers/STM32F1xx_HAL_Driver/Src/stm32f1xx_hal_uart.o

.debug_macro    0x0000000000000000    0x196d9
 .debug_macro   0x0000000000000000      0x1d0 ./Core/Src/gpio.o
 .debug_macro   0x00000000000001d0      0xa6c ./Core/Src/gpio.o
 .debug_macro   0x0000000000000c3c      0x227 ./Core/Src/gpio.o
 .debug_macro   0x0000000000000e63       0x2e ./Core/Src/gpio.o
 .debug_macro   0x0000000000000e91       0x22 ./Core/Src/gpio.o
 .debug_macro   0x0000000000000eb3       0x22 ./Core/Src/gpio.o
 .debug_macro   0x0000000000000ed5       0x8e ./Core/Src/gpio.o
 .debug_macro   0x0000000000000f63       0x51 ./Core/Src/gpio.o
 .debug_macro   0x0000000000000fb4      0x103 ./Core/Src/gpio.o
 .debug_macro   0x00000000000010b7       0x6a ./Core/Src/gpio.o
 .debug_macro   0x0000000000001121      0x1df ./Core/Src/gpio.o
 .debug_macro   0x0000000000001300       0x1c ./Core/Src/gpio.o
 .debug_macro   0x000000000000131c       0x22 ./Core/Src/gpio.o
 .debug_macro   0x000000000000133e       0xbd ./Core/Src/gpio.o
 .debug_macro   0x00000000000013fb      0xd23 ./Core/Src/gpio.o
 .debug_macro   0x000000000000211e     0xe09e ./Core/Src/gpio.o
 .debug_macro   0x00000000000101bc       0x6d ./Core/Src/gpio.o
 .debug_macro   0x0000000000010229     0x3468 ./Core/Src/gpio.o
 .debug_macro   0x0000000000013691      0x174 ./Core/Src/gpio.o
 .debug_macro   0x0000000000013805       0x5c ./Core/Src/gpio.o
 .debug_macro   0x0000000000013861      0x5be ./Core/Src/gpio.o
 .debug_macro   0x0000000000013e1f      0x289 ./Core/Src/gpio.o
 .debug_macro   0x00000000000140a8      0x1cb ./Core/Src/gpio.o
 .debug_macro   0x0000000000014273      0x114 ./Core/Src/gpio.o
 .debug_macro   0x0000000000014387      0x1b2 ./Core/Src/gpio.o
 .debug_macro   0x0000000000014539       0x27 ./Core/Src/gpio.o
 .debug_macro   0x0000000000014560      0x136 ./Core/Src/gpio.o
 .debug_macro   0x0000000000014696      0x1bc ./Core/Src/gpio.o
 .debug_macro   0x0000000000014852       0x34 ./Core/Src/gpio.o
 .debug_macro   0x0000000000014886       0x3c ./Core/Src/gpio.o
 .debug_macro   0x00000000000148c2       0x57 ./Core/Src/gpio.o
 .debug_macro   0x0000000000014919       0x88 ./Core/Src/gpio.o
 .debug_macro   0x00000000000149a1      0x241 ./Core/Src/gpio.o
 .debug_macro   0x0000000000014be2      0x287 ./Core/Src/gpio.o
 .debug_macro   0x0000000000014e69      0x141 ./Core/Src/gpio.o
 .debug_macro   0x0000000000014faa      0x217 ./Core/Src/gpio.o
 .debug_macro   0x00000000000151c1      0x8d1 ./Core/Src/gpio.o
 .debug_macro   0x0000000000015a92      0x279 ./Core/Src/gpio.o
 .debug_macro   0x0000000000015d0b       0x83 ./Core/Src/gpio.o
 .debug_macro   0x0000000000015d8e       0xb8 ./Core/Src/gpio.o
 .debug_macro   0x0000000000015e46      0x1d0 ./Core/Src/i2c.o
 .debug_macro   0x0000000000016016      0x1e0 ./Core/Src/lcd_i2c.o
 .debug_macro   0x00000000000161f6       0xbe ./Core/Src/lcd_i2c.o
 .debug_macro   0x00000000000162b4      0x44c ./Core/Src/main.o
 .debug_macro   0x0000000000016700       0x52 ./Core/Src/main.o
 .debug_macro   0x0000000000016752       0x18 ./Core/Src/main.o
 .debug_macro   0x000000000001676a       0x3c ./Core/Src/main.o
 .debug_macro   0x00000000000167a6       0x34 ./Core/Src/main.o
 .debug_macro   0x00000000000167da       0x16 ./Core/Src/main.o
 .debug_macro   0x00000000000167f0       0x43 ./Core/Src/main.o
 .debug_macro   0x0000000000016833       0x34 ./Core/Src/main.o
 .debug_macro   0x0000000000016867       0x10 ./Core/Src/main.o
 .debug_macro   0x0000000000016877       0x58 ./Core/Src/main.o
 .debug_macro   0x00000000000168cf       0x71 ./Core/Src/main.o
 .debug_macro   0x0000000000016940       0x1c ./Core/Src/main.o
 .debug_macro   0x000000000001695c      0x12a ./Core/Src/main.o
 .debug_macro   0x0000000000016a86      0x341 ./Core/Src/main.o
 .debug_macro   0x0000000000016dc7       0x10 ./Core/Src/main.o
 .debug_macro   0x0000000000016dd7       0x35 ./Core/Src/main.o
 .debug_macro   0x0000000000016e0c       0x20 ./Core/Src/main.o
 .debug_macro   0x0000000000016e2c       0x10 ./Core/Src/main.o
 .debug_macro   0x0000000000016e3c       0x16 ./Core/Src/main.o
 .debug_macro   0x0000000000016e52       0x16 ./Core/Src/main.o
 .debug_macro   0x0000000000016e68       0x29 ./Core/Src/main.o
 .debug_macro   0x0000000000016e91       0x1c ./Core/Src/main.o
 .debug_macro   0x0000000000016ead       0x10 ./Core/Src/main.o
 .debug_macro   0x0000000000016ebd       0x10 ./Core/Src/main.o
 .debug_macro   0x0000000000016ecd       0x1c ./Core/Src/main.o
 .debug_macro   0x0000000000016ee9       0x52 ./Core/Src/main.o
 .debug_macro   0x0000000000016f3b       0x22 ./Core/Src/main.o
 .debug_macro   0x0000000000016f5d       0x10 ./Core/Src/main.o
 .debug_macro   0x0000000000016f6d       0x52 ./Core/Src/main.o
 .debug_macro   0x0000000000016fbf       0xd5 ./Core/Src/main.o
 .debug_macro   0x0000000000017094       0x1c ./Core/Src/main.o
 .debug_macro   0x00000000000170b0       0x3d ./Core/Src/main.o
 .debug_macro   0x00000000000170ed       0x16 ./Core/Src/main.o
 .debug_macro   0x0000000000017103      0x145 ./Core/Src/main.o
 .debug_macro   0x0000000000017248       0x28 ./Core/Src/main.o
 .debug_macro   0x0000000000017270      0x22c ./Core/Src/main.o
 .debug_macro   0x000000000001749c       0x22 ./Core/Src/main.o
 .debug_macro   0x00000000000174be       0x4c ./Core/Src/main.o
 .debug_macro   0x000000000001750a      0x1c0 ./Core/Src/mfrc522.o
 .debug_macro   0x00000000000176ca      0x1d0 ./Core/Src/spi.o
 .debug_macro   0x000000000001789a      0x1c6 ./Core/Src/stm32f1xx_hal_msp.o
 .debug_macro   0x0000000000017a60      0x1d0 ./Core/Src/stm32f1xx_it.o
 .debug_macro   0x0000000000017c30       0xff ./Core/Src/sysmem.o
 .debug_macro   0x0000000000017d2f      0x23b ./Core/Src/sysmem.o
 .debug_macro   0x0000000000017f6a      0x1b7 ./Core/Src/system_stm32f1xx.o
 .debug_macro   0x0000000000018121      0x1d0 ./Core/Src/tim.o
 .debug_macro   0x00000000000182f1      0x1d0 ./Core/Src/usart.o
 .debug_macro   0x00000000000184c1      0x1db ./Drivers/STM32F1xx_HAL_Driver/Src/stm32f1xx_hal.o
 .debug_macro   0x000000000001869c      0x1b7 ./Drivers/STM32F1xx_HAL_Driver/Src/stm32f1xx_hal_cortex.o
 .debug_macro   0x0000000000018853      0x1b7 ./Drivers/STM32F1xx_HAL_Driver/Src/stm32f1xx_hal_dma.o
 .debug_macro   0x0000000000018a0a      0x222 ./Drivers/STM32F1xx_HAL_Driver/Src/stm32f1xx_hal_gpio.o
 .debug_macro   0x0000000000018c2c      0x1fe ./Drivers/STM32F1xx_HAL_Driver/Src/stm32f1xx_hal_i2c.o
 .debug_macro   0x0000000000018e2a      0x1c9 ./Drivers/STM32F1xx_HAL_Driver/Src/stm32f1xx_hal_rcc.o
 .debug_macro   0x0000000000018ff3      0x1bf ./Drivers/STM32F1xx_HAL_Driver/Src/stm32f1xx_hal_spi.o
 .debug_macro   0x00000000000191b2      0x1b8 ./Drivers/STM32F1xx_HAL_Driver/Src/stm32f1xx_hal_tim.o
 .debug_macro   0x000000000001936a      0x1b7 ./Drivers/STM32F1xx_HAL_Driver/Src/stm32f1xx_hal_tim_ex.o
 .debug_macro   0x0000000000019521      0x1b8 ./Drivers/STM32F1xx_HAL_Driver/Src/stm32f1xx_hal_uart.o

.debug_line     0x0000000000000000    0x15659
 .debug_line    0x0000000000000000      0x6f9 ./Core/Src/gpio.o
 .debug_line    0x00000000000006f9      0x70a ./Core/Src/i2c.o
 .debug_line    0x0000000000000e03      0x7c6 ./Core/Src/lcd_i2c.o
 .debug_line    0x00000000000015c9      0xee4 ./Core/Src/main.o
 .debug_line    0x00000000000024ad      0xc90 ./Core/Src/mfrc522.o
 .debug_line    0x000000000000313d      0x71b ./Core/Src/spi.o
 .debug_line    0x0000000000003858      0x6a4 ./Core/Src/stm32f1xx_hal_msp.o
 .debug_line    0x0000000000003efc      0x77e ./Core/Src/stm32f1xx_it.o
 .debug_line    0x000000000000467a      0x4ef ./Core/Src/sysmem.o
 .debug_line    0x0000000000004b69      0x722 ./Core/Src/system_stm32f1xx.o
 .debug_line    0x000000000000528b      0x70e ./Core/Src/tim.o
 .debug_line    0x0000000000005999      0x716 ./Core/Src/usart.o
 .debug_line    0x00000000000060af       0x87 ./Core/Startup/startup_stm32f103c8tx.o
 .debug_line    0x0000000000006136      0x94f ./Drivers/STM32F1xx_HAL_Driver/Src/stm32f1xx_hal.o
 .debug_line    0x0000000000006a85      0xb37 ./Drivers/STM32F1xx_HAL_Driver/Src/stm32f1xx_hal_cortex.o
 .debug_line    0x00000000000075bc      0xda7 ./Drivers/STM32F1xx_HAL_Driver/Src/stm32f1xx_hal_dma.o
 .debug_line    0x0000000000008363      0x9e6 ./Drivers/STM32F1xx_HAL_Driver/Src/stm32f1xx_hal_gpio.o
 .debug_line    0x0000000000008d49     0x3a39 ./Drivers/STM32F1xx_HAL_Driver/Src/stm32f1xx_hal_i2c.o
 .debug_line    0x000000000000c782      0xd5d ./Drivers/STM32F1xx_HAL_Driver/Src/stm32f1xx_hal_rcc.o
 .debug_line    0x000000000000d4df     0x1bd4 ./Drivers/STM32F1xx_HAL_Driver/Src/stm32f1xx_hal_spi.o
 .debug_line    0x000000000000f0b3     0x3305 ./Drivers/STM32F1xx_HAL_Driver/Src/stm32f1xx_hal_tim.o
 .debug_line    0x00000000000123b8     0x1877 ./Drivers/STM32F1xx_HAL_Driver/Src/stm32f1xx_hal_tim_ex.o
 .debug_line    0x0000000000013c2f     0x1a2a ./Drivers/STM32F1xx_HAL_Driver/Src/stm32f1xx_hal_uart.o

.debug_str      0x0000000000000000    0x8fc2f
 .debug_str     0x0000000000000000    0x85f85 ./Core/Src/gpio.o
                                      0x862cd (size before relaxing)
 .debug_str     0x0000000000085f85      0x4c8 ./Core/Src/i2c.o
                                      0x867b5 (size before relaxing)
 .debug_str     0x000000000008644d       0xd9 ./Core/Src/lcd_i2c.o
                                      0x8676e (size before relaxing)
 .debug_str     0x0000000000086526     0x52d0 ./Core/Src/main.o
                                      0x8b8ac (size before relaxing)
 .debug_str     0x000000000008b7f6      0x3d9 ./Core/Src/mfrc522.o
                                      0x86f3f (size before relaxing)
 .debug_str     0x000000000008bbcf       0x4b ./Core/Src/spi.o
                                      0x866de (size before relaxing)
 .debug_str     0x000000000008bc1a       0x2c ./Core/Src/stm32f1xx_hal_msp.o
                                      0x86255 (size before relaxing)
 .debug_str     0x000000000008bc46       0xef ./Core/Src/stm32f1xx_it.o
                                      0x8667d (size before relaxing)
 .debug_str     0x000000000008bd35      0x4da ./Core/Src/sysmem.o
                                       0x5d66 (size before relaxing)
 .debug_str     0x000000000008c20f       0x7e ./Core/Src/system_stm32f1xx.o
                                      0x85ffb (size before relaxing)
 .debug_str     0x000000000008c28d      0x13c ./Core/Src/tim.o
                                      0x8685b (size before relaxing)
 .debug_str     0x000000000008c3c9      0x2fb ./Core/Src/usart.o
                                      0x86a08 (size before relaxing)
 .debug_str     0x000000000008c6c4       0x36 ./Core/Startup/startup_stm32f103c8tx.o
                                         0x68 (size before relaxing)
 .debug_str     0x000000000008c6fa      0x37a ./Drivers/STM32F1xx_HAL_Driver/Src/stm32f1xx_hal.o
                                      0x8672e (size before relaxing)
 .debug_str     0x000000000008ca74      0x294 ./Drivers/STM32F1xx_HAL_Driver/Src/stm32f1xx_hal_cortex.o
                                      0x8667a (size before relaxing)
 .debug_str     0x000000000008cd08      0x230 ./Drivers/STM32F1xx_HAL_Driver/Src/stm32f1xx_hal_dma.o
                                      0x863a4 (size before relaxing)
 .debug_str     0x000000000008cf38      0x2bd ./Drivers/STM32F1xx_HAL_Driver/Src/stm32f1xx_hal_gpio.o
                                      0x86381 (size before relaxing)
 .debug_str     0x000000000008d1f5      0xb3c ./Drivers/STM32F1xx_HAL_Driver/Src/stm32f1xx_hal_i2c.o
                                      0x8706f (size before relaxing)
 .debug_str     0x000000000008dd31      0x209 ./Drivers/STM32F1xx_HAL_Driver/Src/stm32f1xx_hal_rcc.o
                                      0x8642a (size before relaxing)
 .debug_str     0x000000000008df3a      0x50e ./Drivers/STM32F1xx_HAL_Driver/Src/stm32f1xx_hal_spi.o
                                      0x86927 (size before relaxing)
 .debug_str     0x000000000008e448      0xdd6 ./Drivers/STM32F1xx_HAL_Driver/Src/stm32f1xx_hal_tim.o
                                      0x87415 (size before relaxing)
 .debug_str     0x000000000008f21e      0x493 ./Drivers/STM32F1xx_HAL_Driver/Src/stm32f1xx_hal_tim_ex.o
                                      0x86c31 (size before relaxing)
 .debug_str     0x000000000008f6b1      0x57e ./Drivers/STM32F1xx_HAL_Driver/Src/stm32f1xx_hal_uart.o
                                      0x86a35 (size before relaxing)

.comment        0x0000000000000000       0x50
 .comment       0x0000000000000000       0x50 ./Core/Src/gpio.o
                                         0x51 (size before relaxing)
 .comment       0x0000000000000050       0x51 ./Core/Src/i2c.o
 .comment       0x0000000000000050       0x51 ./Core/Src/lcd_i2c.o
 .comment       0x0000000000000050       0x51 ./Core/Src/main.o
 .comment       0x0000000000000050       0x51 ./Core/Src/mfrc522.o
 .comment       0x0000000000000050       0x51 ./Core/Src/spi.o
 .comment       0x0000000000000050       0x51 ./Core/Src/stm32f1xx_hal_msp.o
 .comment       0x0000000000000050       0x51 ./Core/Src/stm32f1xx_it.o
 .comment       0x0000000000000050       0x51 ./Core/Src/sysmem.o
 .comment       0x0000000000000050       0x51 ./Core/Src/system_stm32f1xx.o
 .comment       0x0000000000000050       0x51 ./Core/Src/tim.o
 .comment       0x0000000000000050       0x51 ./Core/Src/usart.o
 .comment       0x0000000000000050       0x51 ./Drivers/STM32F1xx_HAL_Driver/Src/stm32f1xx_hal.o
 .comment       0x0000000000000050       0x51 ./Drivers/STM32F1xx_HAL_Driver/Src/stm32f1xx_hal_cortex.o
 .comment       0x0000000000000050       0x51 ./Drivers/STM32F1xx_HAL_Driver/Src/stm32f1xx_hal_dma.o
 .comment       0x0000000000000050       0x51 ./Drivers/STM32F1xx_HAL_Driver/Src/stm32f1xx_hal_gpio.o
 .comment       0x0000000000000050       0x51 ./Drivers/STM32F1xx_HAL_Driver/Src/stm32f1xx_hal_i2c.o
 .comment       0x0000000000000050       0x51 ./Drivers/STM32F1xx_HAL_Driver/Src/stm32f1xx_hal_rcc.o
 .comment       0x0000000000000050       0x51 ./Drivers/STM32F1xx_HAL_Driver/Src/stm32f1xx_hal_spi.o
 .comment       0x0000000000000050       0x51 ./Drivers/STM32F1xx_HAL_Driver/Src/stm32f1xx_hal_tim.o
 .comment       0x0000000000000050       0x51 ./Drivers/STM32F1xx_HAL_Driver/Src/stm32f1xx_hal_tim_ex.o
 .comment       0x0000000000000050       0x51 ./Drivers/STM32F1xx_HAL_Driver/Src/stm32f1xx_hal_uart.o

.debug_frame    0x0000000000000000     0x510c
 .debug_frame   0x0000000000000000       0x34 ./Core/Src/gpio.o
 .debug_frame   0x0000000000000034       0x74 ./Core/Src/i2c.o
 .debug_frame   0x00000000000000a8      0x120 ./Core/Src/lcd_i2c.o
 .debug_frame   0x00000000000001c8      0x1ac ./Core/Src/main.o
 .debug_frame   0x0000000000000374      0x324 ./Core/Src/mfrc522.o
 .debug_frame   0x0000000000000698       0x74 ./Core/Src/spi.o
 .debug_frame   0x000000000000070c       0x38 ./Core/Src/stm32f1xx_hal_msp.o
 .debug_frame   0x0000000000000744      0x120 ./Core/Src/stm32f1xx_it.o
 .debug_frame   0x0000000000000864       0x34 ./Core/Src/sysmem.o
 .debug_frame   0x0000000000000898       0x58 ./Core/Src/system_stm32f1xx.o
 .debug_frame   0x00000000000008f0       0x84 ./Core/Src/tim.o
 .debug_frame   0x0000000000000974       0x74 ./Core/Src/usart.o
 .debug_frame   0x00000000000009e8      0x334 ./Drivers/STM32F1xx_HAL_Driver/Src/stm32f1xx_hal.o
 .debug_frame   0x0000000000000d1c      0x428 ./Drivers/STM32F1xx_HAL_Driver/Src/stm32f1xx_hal_cortex.o
 .debug_frame   0x0000000000001144      0x208 ./Drivers/STM32F1xx_HAL_Driver/Src/stm32f1xx_hal_dma.o
 .debug_frame   0x000000000000134c      0x14c ./Drivers/STM32F1xx_HAL_Driver/Src/stm32f1xx_hal_gpio.o
 .debug_frame   0x0000000000001498      0xc5c ./Drivers/STM32F1xx_HAL_Driver/Src/stm32f1xx_hal_i2c.o
 .debug_frame   0x00000000000020f4      0x21c ./Drivers/STM32F1xx_HAL_Driver/Src/stm32f1xx_hal_rcc.o
 .debug_frame   0x0000000000002310      0x824 ./Drivers/STM32F1xx_HAL_Driver/Src/stm32f1xx_hal_spi.o
 .debug_frame   0x0000000000002b34     0x11b8 ./Drivers/STM32F1xx_HAL_Driver/Src/stm32f1xx_hal_tim.o
 .debug_frame   0x0000000000003cec      0x638 ./Drivers/STM32F1xx_HAL_Driver/Src/stm32f1xx_hal_tim_ex.o
 .debug_frame   0x0000000000004324      0x914 ./Drivers/STM32F1xx_HAL_Driver/Src/stm32f1xx_hal_uart.o
 .debug_frame   0x0000000000004c38       0x20 c:/st/stm32cubeide_1.8.0/stm32cubeide/plugins/com.st.stm32cube.ide.mcu.externaltools.gnu-tools-for-stm32.10.3-2021.10.win32_1.0.200.202301161003/tools/bin/../lib/gcc/arm-none-eabi/10.3.1/../../../../arm-none-eabi/lib/thumb/v7-m/nofp\libc_nano.a(lib_a-errno.o)
 .debug_frame   0x0000000000004c58       0x2c c:/st/stm32cubeide_1.8.0/stm32cubeide/plugins/com.st.stm32cube.ide.mcu.externaltools.gnu-tools-for-stm32.10.3-2021.10.win32_1.0.200.202301161003/tools/bin/../lib/gcc/arm-none-eabi/10.3.1/../../../../arm-none-eabi/lib/thumb/v7-m/nofp\libc_nano.a(lib_a-init.o)
 .debug_frame   0x0000000000004c84       0x20 c:/st/stm32cubeide_1.8.0/stm32cubeide/plugins/com.st.stm32cube.ide.mcu.externaltools.gnu-tools-for-stm32.10.3-2021.10.win32_1.0.200.202301161003/tools/bin/../lib/gcc/arm-none-eabi/10.3.1/../../../../arm-none-eabi/lib/thumb/v7-m/nofp\libc_nano.a(lib_a-memset.o)
 .debug_frame   0x0000000000004ca4       0x6c c:/st/stm32cubeide_1.8.0/stm32cubeide/plugins/com.st.stm32cube.ide.mcu.externaltools.gnu-tools-for-stm32.10.3-2021.10.win32_1.0.200.202301161003/tools/bin/../lib/gcc/arm-none-eabi/10.3.1/../../../../arm-none-eabi/lib/thumb/v7-m/nofp\libc_nano.a(lib_a-sprintf.o)
 .debug_frame   0x0000000000004d10       0x4c c:/st/stm32cubeide_1.8.0/stm32cubeide/plugins/com.st.stm32cube.ide.mcu.externaltools.gnu-tools-for-stm32.10.3-2021.10.win32_1.0.200.202301161003/tools/bin/../lib/gcc/arm-none-eabi/10.3.1/../../../../arm-none-eabi/lib/thumb/v7-m/nofp\libc_nano.a(lib_a-vsnprintf.o)
 .debug_frame   0x0000000000004d5c       0x90 c:/st/stm32cubeide_1.8.0/stm32cubeide/plugins/com.st.stm32cube.ide.mcu.externaltools.gnu-tools-for-stm32.10.3-2021.10.win32_1.0.200.202301161003/tools/bin/../lib/gcc/arm-none-eabi/10.3.1/../../../../arm-none-eabi/lib/thumb/v7-m/nofp\libc_nano.a(lib_a-nano-svfprintf.o)
 .debug_frame   0x0000000000004dec       0x60 c:/st/stm32cubeide_1.8.0/stm32cubeide/plugins/com.st.stm32cube.ide.mcu.externaltools.gnu-tools-for-stm32.10.3-2021.10.win32_1.0.200.202301161003/tools/bin/../lib/gcc/arm-none-eabi/10.3.1/../../../../arm-none-eabi/lib/thumb/v7-m/nofp\libc_nano.a(lib_a-nano-vfprintf_i.o)
 .debug_frame   0x0000000000004e4c       0x28 c:/st/stm32cubeide_1.8.0/stm32cubeide/plugins/com.st.stm32cube.ide.mcu.externaltools.gnu-tools-for-stm32.10.3-2021.10.win32_1.0.200.202301161003/tools/bin/../lib/gcc/arm-none-eabi/10.3.1/../../../../arm-none-eabi/lib/thumb/v7-m/nofp\libc_nano.a(lib_a-memchr-stub.o)
 .debug_frame   0x0000000000004e74       0x28 c:/st/stm32cubeide_1.8.0/stm32cubeide/plugins/com.st.stm32cube.ide.mcu.externaltools.gnu-tools-for-stm32.10.3-2021.10.win32_1.0.200.202301161003/tools/bin/../lib/gcc/arm-none-eabi/10.3.1/../../../../arm-none-eabi/lib/thumb/v7-m/nofp\libc_nano.a(lib_a-memcpy-stub.o)
 .debug_frame   0x0000000000004e9c       0x28 c:/st/stm32cubeide_1.8.0/stm32cubeide/plugins/com.st.stm32cube.ide.mcu.externaltools.gnu-tools-for-stm32.10.3-2021.10.win32_1.0.200.202301161003/tools/bin/../lib/gcc/arm-none-eabi/10.3.1/../../../../arm-none-eabi/lib/thumb/v7-m/nofp\libc_nano.a(lib_a-memmove.o)
 .debug_frame   0x0000000000004ec4       0x38 c:/st/stm32cubeide_1.8.0/stm32cubeide/plugins/com.st.stm32cube.ide.mcu.externaltools.gnu-tools-for-stm32.10.3-2021.10.win32_1.0.200.202301161003/tools/bin/../lib/gcc/arm-none-eabi/10.3.1/../../../../arm-none-eabi/lib/thumb/v7-m/nofp\libc_nano.a(lib_a-nano-freer.o)
 .debug_frame   0x0000000000004efc       0x4c c:/st/stm32cubeide_1.8.0/stm32cubeide/plugins/com.st.stm32cube.ide.mcu.externaltools.gnu-tools-for-stm32.10.3-2021.10.win32_1.0.200.202301161003/tools/bin/../lib/gcc/arm-none-eabi/10.3.1/../../../../arm-none-eabi/lib/thumb/v7-m/nofp\libc_nano.a(lib_a-nano-mallocr.o)
 .debug_frame   0x0000000000004f48       0x3c c:/st/stm32cubeide_1.8.0/stm32cubeide/plugins/com.st.stm32cube.ide.mcu.externaltools.gnu-tools-for-stm32.10.3-2021.10.win32_1.0.200.202301161003/tools/bin/../lib/gcc/arm-none-eabi/10.3.1/../../../../arm-none-eabi/lib/thumb/v7-m/nofp\libc_nano.a(lib_a-nano-reallocr.o)
 .debug_frame   0x0000000000004f84       0x2c c:/st/stm32cubeide_1.8.0/stm32cubeide/plugins/com.st.stm32cube.ide.mcu.externaltools.gnu-tools-for-stm32.10.3-2021.10.win32_1.0.200.202301161003/tools/bin/../lib/gcc/arm-none-eabi/10.3.1/../../../../arm-none-eabi/lib/thumb/v7-m/nofp\libc_nano.a(lib_a-sbrkr.o)
 .debug_frame   0x0000000000004fb0       0x30 c:/st/stm32cubeide_1.8.0/stm32cubeide/plugins/com.st.stm32cube.ide.mcu.externaltools.gnu-tools-for-stm32.10.3-2021.10.win32_1.0.200.202301161003/tools/bin/../lib/gcc/arm-none-eabi/10.3.1/../../../../arm-none-eabi/lib/thumb/v7-m/nofp\libc_nano.a(lib_a-mlock.o)
 .debug_frame   0x0000000000004fe0       0x20 c:/st/stm32cubeide_1.8.0/stm32cubeide/plugins/com.st.stm32cube.ide.mcu.externaltools.gnu-tools-for-stm32.10.3-2021.10.win32_1.0.200.202301161003/tools/bin/../lib/gcc/arm-none-eabi/10.3.1/../../../../arm-none-eabi/lib/thumb/v7-m/nofp\libc_nano.a(lib_a-nano-msizer.o)
 .debug_frame   0x0000000000005000       0x5c c:/st/stm32cubeide_1.8.0/stm32cubeide/plugins/com.st.stm32cube.ide.mcu.externaltools.gnu-tools-for-stm32.10.3-2021.10.win32_1.0.200.202301161003/tools/bin/../lib/gcc/arm-none-eabi/10.3.1/../../../../arm-none-eabi/lib/thumb/v7-m/nofp\libc_nano.a(lib_a-reent.o)
 .debug_frame   0x000000000000505c       0xb0 c:/st/stm32cubeide_1.8.0/stm32cubeide/plugins/com.st.stm32cube.ide.mcu.externaltools.gnu-tools-for-stm32.10.3-2021.10.win32_1.0.200.202301161003/tools/bin/../lib/gcc/arm-none-eabi/10.3.1/../../../../arm-none-eabi/lib/thumb/v7-m/nofp\libc_nano.a(lib_a-lock.o)